This is pdfTeX, Version 3.141592653-2.6-1.40.28 (MiKTeX 25.12) (preloaded format=pdflatex.fmt)
 restricted \write18 enabled.
entering extended mode
(main.tex
LaTeX2e <2025-11-01>
L3 programming layer <2025-12-24>
(C:\Users\jaest\AppData\Local\Programs\MiKTeX\tex/latex/base\book.cls
Document Class: book 2025/01/22 v1.4n Standard LaTeX document class
(C:\Users\jaest\AppData\Local\Programs\MiKTeX\tex/latex/base\bk12.clo))
(C:\Users\jaest\AppData\Local\Programs\MiKTeX\tex/latex/base\inputenc.sty)
(C:\Users\jaest\AppData\Local\Programs\MiKTeX\tex/generic/babel\babel.sty
(C:\Users\jaest\AppData\Local\Programs\MiKTeX\tex/generic/babel\txtbabel.def)
*************************************
* Local config file bblopts.cfg used
*
(C:\Users\jaest\AppData\Local\Programs\MiKTeX\tex/latex/arabi\bblopts.cfg)
(C:\Users\jaest\AppData\Local\Programs\MiKTeX\tex/generic/babel/locale/es\babel
-spanish.tex)
(C:\Users\jaest\AppData\Local\Programs\MiKTeX\tex/latex/babel-spanish\spanish.l
df))
(C:\Users\jaest\AppData\Local\Programs\MiKTeX\tex/latex/fancyhdr\fancyhdr.sty)
(C:\Users\jaest\AppData\Local\Programs\MiKTeX\tex/latex/amsmath\amsmath.sty
For additional information on amsmath, use the `?' option.
(C:\Users\jaest\AppData\Local\Programs\MiKTeX\tex/latex/amsmath\amstext.sty
(C:\Users\jaest\AppData\Local\Programs\MiKTeX\tex/latex/amsmath\amsgen.sty))
(C:\Users\jaest\AppData\Local\Programs\MiKTeX\tex/latex/amsmath\amsbsy.sty)
(C:\Users\jaest\AppData\Local\Programs\MiKTeX\tex/latex/amsmath\amsopn.sty))
(C:\Users\jaest\AppData\Local\Programs\MiKTeX\tex/latex/mathtools\mathtools.sty
(C:\Users\jaest\AppData\Local\Programs\MiKTeX\tex/latex/graphics\keyval.sty)
(C:\Users\jaest\AppData\Local\Programs\MiKTeX\tex/latex/tools\calc.sty)
(C:\Users\jaest\AppData\Local\Programs\MiKTeX\tex/latex/mathtools\mhsetup.sty))
 (C:\Users\jaest\AppData\Local\Programs\MiKTeX\tex/latex/amsfonts\amssymb.sty
(C:\Users\jaest\AppData\Local\Programs\MiKTeX\tex/latex/amsfonts\amsfonts.sty))
 (C:\Users\jaest\AppData\Local\Programs\MiKTeX\tex/latex/eurosym\eurosym.sty)
(C:\Users\jaest\AppData\Local\Programs\MiKTeX\tex/latex/graphics\graphicx.sty
(C:\Users\jaest\AppData\Local\Programs\MiKTeX\tex/latex/graphics\graphics.sty
(C:\Users\jaest\AppData\Local\Programs\MiKTeX\tex/latex/graphics\trig.sty)
(C:\Users\jaest\AppData\Local\Programs\MiKTeX\tex/latex/graphics-cfg\graphics.c
fg)
(C:\Users\jaest\AppData\Local\Programs\MiKTeX\tex/latex/graphics-def\pdftex.def
))) (C:\Users\jaest\AppData\Local\Programs\MiKTeX\tex/latex/float\float.sty)
(C:\Users\jaest\AppData\Local\Programs\MiKTeX\tex/latex/vmargin\vmargin.sty
Package: vmargin 2004/07/15 V2.5 set document margins (VK)
) (C:\Users\jaest\AppData\Local\Programs\MiKTeX\tex/latex/cancel\cancel.sty)
(C:\Users\jaest\AppData\Local\Programs\MiKTeX\tex/latex/caption\caption.sty
(C:\Users\jaest\AppData\Local\Programs\MiKTeX\tex/latex/caption\caption3.sty))
(C:\Users\jaest\AppData\Local\Programs\MiKTeX\tex/latex/caption\subcaption.sty)
 (C:\Users\jaest\AppData\Local\Programs\MiKTeX\tex/latex/appendix\appendix.sty)
 (C:\Users\jaest\AppData\Local\Programs\MiKTeX\tex/latex/hyperref\hyperref.sty
(C:\Users\jaest\AppData\Local\Programs\MiKTeX\tex/generic/iftex\iftex.sty)
(C:\Users\jaest\AppData\Local\Programs\MiKTeX\tex/latex/kvsetkeys\kvsetkeys.sty
)
(C:\Users\jaest\AppData\Local\Programs\MiKTeX\tex/generic/kvdefinekeys\kvdefine
keys.sty)
(C:\Users\jaest\AppData\Local\Programs\MiKTeX\tex/generic/pdfescape\pdfescape.s
ty
(C:\Users\jaest\AppData\Local\Programs\MiKTeX\tex/generic/ltxcmds\ltxcmds.sty)
(C:\Users\jaest\AppData\Local\Programs\MiKTeX\tex/generic/pdftexcmds\pdftexcmds
.sty
(C:\Users\jaest\AppData\Local\Programs\MiKTeX\tex/generic/infwarerr\infwarerr.s
ty)))
(C:\Users\jaest\AppData\Local\Programs\MiKTeX\tex/latex/hycolor\hycolor.sty)
(C:\Users\jaest\AppData\Local\Programs\MiKTeX\tex/latex/hyperref\nameref.sty
(C:\Users\jaest\AppData\Local\Programs\MiKTeX\tex/latex/refcount\refcount.sty)
(C:\Users\jaest\AppData\Local\Programs\MiKTeX\tex/generic/gettitlestring\gettit
lestring.sty
(C:\Users\jaest\AppData\Local\Programs\MiKTeX\tex/latex/kvoptions\kvoptions.sty
)))
(C:\Users\jaest\AppData\Local\Programs\MiKTeX\tex/latex/etoolbox\etoolbox.sty)
(C:\Users\jaest\AppData\Local\Programs\MiKTeX\tex/generic/stringenc\stringenc.s
ty) (C:\Users\jaest\AppData\Local\Programs\MiKTeX\tex/latex/hyperref\pd1enc.def
) (C:\Users\jaest\AppData\Local\Programs\MiKTeX\tex/generic/intcalc\intcalc.sty
) (C:\Users\jaest\AppData\Local\Programs\MiKTeX\tex/latex/hyperref\puenc.def)
(C:\Users\jaest\AppData\Local\Programs\MiKTeX\tex/latex/url\url.sty)
(C:\Users\jaest\AppData\Local\Programs\MiKTeX\tex/generic/bitset\bitset.sty
(C:\Users\jaest\AppData\Local\Programs\MiKTeX\tex/generic/bigintcalc\bigintcalc
.sty)))
(C:\Users\jaest\AppData\Local\Programs\MiKTeX\tex/latex/hyperref\hpdftex.def
(C:\Users\jaest\AppData\Local\Programs\MiKTeX\tex/latex/rerunfilecheck\rerunfil
echeck.sty
(C:\Users\jaest\AppData\Local\Programs\MiKTeX\tex/generic/uniquecounter\uniquec
ounter.sty)))
(C:\Users\jaest\AppData\Local\Programs\MiKTeX\tex/latex/tocbibind\tocbibind.sty

Package tocbibind Note: Using chapter style headings, unless overridden.

) (C:\Users\jaest\AppData\Local\Programs\MiKTeX\tex/latex/listings\listings.sty
(C:\Users\jaest\AppData\Local\Programs\MiKTeX\tex/latex/listings\lstpatch.sty)
(C:\Users\jaest\AppData\Local\Programs\MiKTeX\tex/latex/listings\lstmisc.sty)
(C:\Users\jaest\AppData\Local\Programs\MiKTeX\tex/latex/listings\listings.cfg))
==> First Aid for listings.sty no longer applied!
    Expected:
        2024/09/23 1.10c (Carsten Heinz)
    but found:
        2025/11/14 1.11b (Carsten Heinz)
    so I'm assuming it got fixed.
(C:\Users\jaest\AppData\Local\Programs\MiKTeX\tex/latex/xcolor\xcolor.sty
(C:\Users\jaest\AppData\Local\Programs\MiKTeX\tex/latex/graphics-cfg\color.cfg)
(C:\Users\jaest\AppData\Local\Programs\MiKTeX\tex/latex/graphics\mathcolor.ltx)
) (C:\Users\jaest\AppData\Local\Programs\MiKTeX\tex/latex/wrapfig\wrapfig.sty)
(C:\Users\jaest\AppData\Local\Programs\MiKTeX\tex/latex/transparent\transparent
.sty
(C:\Users\jaest\AppData\Local\Programs\MiKTeX\tex/latex/transparent\transparent
-nometadata.sty
(C:\Users\jaest\AppData\Local\Programs\MiKTeX\tex/latex/auxhook\auxhook.sty)))
(C:\Users\jaest\AppData\Local\Programs\MiKTeX\tex/latex/import\import.sty)
(C:\Users\jaest\AppData\Local\Programs\MiKTeX\tex/latex/tools\verbatim.sty)
(C:\Users\jaest\AppData\Local\Programs\MiKTeX\tex/latex/tools\afterpage.sty)
(C:\Users\jaest\AppData\Local\Programs\MiKTeX\tex/latex/emptypage\emptypage.sty
) (C:\Users\jaest\AppData\Local\Programs\MiKTeX\tex/latex/parskip\parskip.sty)
(C:\Users\jaest\AppData\Local\Programs\MiKTeX\tex/latex/booktabs\booktabs.sty)
(C:\Users\jaest\AppData\Local\Programs\MiKTeX\tex/latex/tools\longtable.sty)
(C:\Users\jaest\AppData\Local\Programs\MiKTeX\tex/latex/tools\tabularx.sty
(C:\Users\jaest\AppData\Local\Programs\MiKTeX\tex/latex/tools\array.sty))
(C:\Users\jaest\AppData\Local\Programs\MiKTeX\tex/latex/multirow\multirow.sty)
(C:\Users\jaest\AppData\Local\Programs\MiKTeX\tex/latex/graphics\rotating.sty
(C:\Users\jaest\AppData\Local\Programs\MiKTeX\tex/latex/base\ifthen.sty))
(C:\Users\jaest\AppData\Local\Programs\MiKTeX\tex/latex/pgfplots\pgfplots.sty
(C:\Users\jaest\AppData\Local\Programs\MiKTeX\tex/generic/pgfplots\pgfplots.rev
ision.tex)
(C:\Users\jaest\AppData\Local\Programs\MiKTeX\tex/latex/pgf/frontendlayer\tikz.
sty
(C:\Users\jaest\AppData\Local\Programs\MiKTeX\tex/latex/pgf/basiclayer\pgf.sty
(C:\Users\jaest\AppData\Local\Programs\MiKTeX\tex/latex/pgf/utilities\pgfrcs.st
y
(C:\Users\jaest\AppData\Local\Programs\MiKTeX\tex/generic/pgf/utilities\pgfutil
-common.tex)
(C:\Users\jaest\AppData\Local\Programs\MiKTeX\tex/generic/pgf/utilities\pgfutil
-latex.def)
(C:\Users\jaest\AppData\Local\Programs\MiKTeX\tex/generic/pgf/utilities\pgfrcs.
code.tex
(C:\Users\jaest\AppData\Local\Programs\MiKTeX\tex/generic/pgf\pgf.revision.tex)
))
(C:\Users\jaest\AppData\Local\Programs\MiKTeX\tex/latex/pgf/basiclayer\pgfcore.
sty
(C:\Users\jaest\AppData\Local\Programs\MiKTeX\tex/latex/pgf/systemlayer\pgfsys.
sty
(C:\Users\jaest\AppData\Local\Programs\MiKTeX\tex/generic/pgf/systemlayer\pgfsy
s.code.tex
(C:\Users\jaest\AppData\Local\Programs\MiKTeX\tex/generic/pgf/utilities\pgfkeys
.code.tex
(C:\Users\jaest\AppData\Local\Programs\MiKTeX\tex/generic/pgf/utilities\pgfkeys
libraryfiltered.code.tex))
(C:\Users\jaest\AppData\Local\Programs\MiKTeX\tex/generic/pgf/systemlayer\pgf.c
fg)
(C:\Users\jaest\AppData\Local\Programs\MiKTeX\tex/generic/pgf/systemlayer\pgfsy
s-pdftex.def
(C:\Users\jaest\AppData\Local\Programs\MiKTeX\tex/generic/pgf/systemlayer\pgfsy
s-common-pdf.def)))
(C:\Users\jaest\AppData\Local\Programs\MiKTeX\tex/generic/pgf/systemlayer\pgfsy
ssoftpath.code.tex)
(C:\Users\jaest\AppData\Local\Programs\MiKTeX\tex/generic/pgf/systemlayer\pgfsy
sprotocol.code.tex))
(C:\Users\jaest\AppData\Local\Programs\MiKTeX\tex/generic/pgf/basiclayer\pgfcor
e.code.tex
(C:\Users\jaest\AppData\Local\Programs\MiKTeX\tex/generic/pgf/math\pgfmath.code
.tex
(C:\Users\jaest\AppData\Local\Programs\MiKTeX\tex/generic/pgf/math\pgfmathutil.
code.tex)
(C:\Users\jaest\AppData\Local\Programs\MiKTeX\tex/generic/pgf/math\pgfmathparse
r.code.tex)
(C:\Users\jaest\AppData\Local\Programs\MiKTeX\tex/generic/pgf/math\pgfmathfunct
ions.code.tex)
(C:\Users\jaest\AppData\Local\Programs\MiKTeX\tex/generic/pgf/math\pgfmathfunct
ions.basic.code.tex)
(C:\Users\jaest\AppData\Local\Programs\MiKTeX\tex/generic/pgf/math\pgfmathfunct
ions.trigonometric.code.tex)
(C:\Users\jaest\AppData\Local\Programs\MiKTeX\tex/generic/pgf/math\pgfmathfunct
ions.random.code.tex)
(C:\Users\jaest\AppData\Local\Programs\MiKTeX\tex/generic/pgf/math\pgfmathfunct
ions.comparison.code.tex)
(C:\Users\jaest\AppData\Local\Programs\MiKTeX\tex/generic/pgf/math\pgfmathfunct
ions.base.code.tex)
(C:\Users\jaest\AppData\Local\Programs\MiKTeX\tex/generic/pgf/math\pgfmathfunct
ions.round.code.tex)
(C:\Users\jaest\AppData\Local\Programs\MiKTeX\tex/generic/pgf/math\pgfmathfunct
ions.misc.code.tex)
(C:\Users\jaest\AppData\Local\Programs\MiKTeX\tex/generic/pgf/math\pgfmathfunct
ions.integerarithmetics.code.tex)
(C:\Users\jaest\AppData\Local\Programs\MiKTeX\tex/generic/pgf/math\pgfmathcalc.
code.tex)
(C:\Users\jaest\AppData\Local\Programs\MiKTeX\tex/generic/pgf/math\pgfmathfloat
.code.tex))
(C:\Users\jaest\AppData\Local\Programs\MiKTeX\tex/generic/pgf/math\pgfint.code.
tex)
(C:\Users\jaest\AppData\Local\Programs\MiKTeX\tex/generic/pgf/basiclayer\pgfcor
epoints.code.tex)
(C:\Users\jaest\AppData\Local\Programs\MiKTeX\tex/generic/pgf/basiclayer\pgfcor
epathconstruct.code.tex)
(C:\Users\jaest\AppData\Local\Programs\MiKTeX\tex/generic/pgf/basiclayer\pgfcor
epathusage.code.tex)
(C:\Users\jaest\AppData\Local\Programs\MiKTeX\tex/generic/pgf/basiclayer\pgfcor
escopes.code.tex)
(C:\Users\jaest\AppData\Local\Programs\MiKTeX\tex/generic/pgf/basiclayer\pgfcor
egraphicstate.code.tex)
(C:\Users\jaest\AppData\Local\Programs\MiKTeX\tex/generic/pgf/basiclayer\pgfcor
etransformations.code.tex)
(C:\Users\jaest\AppData\Local\Programs\MiKTeX\tex/generic/pgf/basiclayer\pgfcor
equick.code.tex)
(C:\Users\jaest\AppData\Local\Programs\MiKTeX\tex/generic/pgf/basiclayer\pgfcor
eobjects.code.tex)
(C:\Users\jaest\AppData\Local\Programs\MiKTeX\tex/generic/pgf/basiclayer\pgfcor
epathprocessing.code.tex)
(C:\Users\jaest\AppData\Local\Programs\MiKTeX\tex/generic/pgf/basiclayer\pgfcor
earrows.code.tex)
(C:\Users\jaest\AppData\Local\Programs\MiKTeX\tex/generic/pgf/basiclayer\pgfcor
eshade.code.tex)
(C:\Users\jaest\AppData\Local\Programs\MiKTeX\tex/generic/pgf/basiclayer\pgfcor
eimage.code.tex)
(C:\Users\jaest\AppData\Local\Programs\MiKTeX\tex/generic/pgf/basiclayer\pgfcor
eexternal.code.tex)
(C:\Users\jaest\AppData\Local\Programs\MiKTeX\tex/generic/pgf/basiclayer\pgfcor
elayers.code.tex)
(C:\Users\jaest\AppData\Local\Programs\MiKTeX\tex/generic/pgf/basiclayer\pgfcor
etransparency.code.tex)
(C:\Users\jaest\AppData\Local\Programs\MiKTeX\tex/generic/pgf/basiclayer\pgfcor
epatterns.code.tex)
(C:\Users\jaest\AppData\Local\Programs\MiKTeX\tex/generic/pgf/basiclayer\pgfcor
erdf.code.tex)))
(C:\Users\jaest\AppData\Local\Programs\MiKTeX\tex/generic/pgf/modules\pgfmodule
shapes.code.tex)
(C:\Users\jaest\AppData\Local\Programs\MiKTeX\tex/generic/pgf/modules\pgfmodule
plot.code.tex)
(C:\Users\jaest\AppData\Local\Programs\MiKTeX\tex/latex/pgf/compatibility\pgfco
mp-version-0-65.sty)
(C:\Users\jaest\AppData\Local\Programs\MiKTeX\tex/latex/pgf/compatibility\pgfco
mp-version-1-18.sty))
(C:\Users\jaest\AppData\Local\Programs\MiKTeX\tex/latex/pgf/utilities\pgffor.st
y
(C:\Users\jaest\AppData\Local\Programs\MiKTeX\tex/latex/pgf/utilities\pgfkeys.s
ty
(C:\Users\jaest\AppData\Local\Programs\MiKTeX\tex/generic/pgf/utilities\pgfkeys
.code.tex))
(C:\Users\jaest\AppData\Local\Programs\MiKTeX\tex/latex/pgf/math\pgfmath.sty
(C:\Users\jaest\AppData\Local\Programs\MiKTeX\tex/generic/pgf/math\pgfmath.code
.tex))
(C:\Users\jaest\AppData\Local\Programs\MiKTeX\tex/generic/pgf/utilities\pgffor.
code.tex))
(C:\Users\jaest\AppData\Local\Programs\MiKTeX\tex/generic/pgf/frontendlayer/tik
z\tikz.code.tex
(C:\Users\jaest\AppData\Local\Programs\MiKTeX\tex/generic/pgf/libraries\pgflibr
aryplothandlers.code.tex)
(C:\Users\jaest\AppData\Local\Programs\MiKTeX\tex/generic/pgf/modules\pgfmodule
matrix.code.tex)
(C:\Users\jaest\AppData\Local\Programs\MiKTeX\tex/generic/pgf/frontendlayer/tik
z/libraries\tikzlibrarytopaths.code.tex)))
(C:\Users\jaest\AppData\Local\Programs\MiKTeX\tex/generic/pgfplots\pgfplots.cod
e.tex
(C:\Users\jaest\AppData\Local\Programs\MiKTeX\tex/generic/pgfplots\pgfplotscore
.code.tex
(C:\Users\jaest\AppData\Local\Programs\MiKTeX\tex/generic/pgfplots/sys\pgfplots
sysgeneric.code.tex))
(C:\Users\jaest\AppData\Local\Programs\MiKTeX\tex/generic/pgfplots/libs\pgfplot
slibrary.code.tex)
(C:\Users\jaest\AppData\Local\Programs\MiKTeX\tex/generic/pgfplots/oldpgfcompat
ib\pgfplotsoldpgfsupp_loader.code.tex
(C:\Users\jaest\AppData\Local\Programs\MiKTeX\tex/generic/pgf/libraries\pgflibr
aryfpu.code.tex)
Package pgfplots: loading complementary utilities for your pgf version...

(C:\Users\jaest\AppData\Local\Programs\MiKTeX\tex/generic/pgfplots/oldpgfcompat
ib\pgfplotsoldpgfsupp_pgfutil-common-lists.tex))
(C:\Users\jaest\AppData\Local\Programs\MiKTeX\tex/generic/pgfplots/util\pgfplot
sutil.code.tex
(C:\Users\jaest\AppData\Local\Programs\MiKTeX\tex/generic/pgfplots/liststructur
e\pgfplotsliststructure.code.tex)
(C:\Users\jaest\AppData\Local\Programs\MiKTeX\tex/generic/pgfplots/liststructur
e\pgfplotsliststructureext.code.tex)
(C:\Users\jaest\AppData\Local\Programs\MiKTeX\tex/generic/pgfplots/liststructur
e\pgfplotsarray.code.tex)
(C:\Users\jaest\AppData\Local\Programs\MiKTeX\tex/generic/pgfplots/liststructur
e\pgfplotsmatrix.code.tex)
(C:\Users\jaest\AppData\Local\Programs\MiKTeX\tex/generic/pgfplots/numtable\pgf
plotstableshared.code.tex)
(C:\Users\jaest\AppData\Local\Programs\MiKTeX\tex/generic/pgfplots/liststructur
e\pgfplotsdeque.code.tex)
(C:\Users\jaest\AppData\Local\Programs\MiKTeX\tex/generic/pgfplots/util\pgfplot
sbinary.code.tex
(C:\Users\jaest\AppData\Local\Programs\MiKTeX\tex/generic/pgfplots/util\pgfplot
sbinary.data.code.tex))
(C:\Users\jaest\AppData\Local\Programs\MiKTeX\tex/generic/pgfplots/util\pgfplot
sutil.verb.code.tex)
(C:\Users\jaest\AppData\Local\Programs\MiKTeX\tex/generic/pgfplots/libs\pgflibr
arypgfplots.surfshading.code.tex
(C:\Users\jaest\AppData\Local\Programs\MiKTeX\tex/generic/pgfplots/sys\pgflibra
rypgfplots.surfshading.pgfsys-pdftex.def)))
(C:\Users\jaest\AppData\Local\Programs\MiKTeX\tex/generic/pgfplots/util\pgfplot
scolormap.code.tex
(C:\Users\jaest\AppData\Local\Programs\MiKTeX\tex/generic/pgfplots/util\pgfplot
scolor.code.tex))
(C:\Users\jaest\AppData\Local\Programs\MiKTeX\tex/generic/pgfplots\pgfplotsstac
kedplots.code.tex)
(C:\Users\jaest\AppData\Local\Programs\MiKTeX\tex/generic/pgfplots\pgfplotsplot
handlers.code.tex
(C:\Users\jaest\AppData\Local\Programs\MiKTeX\tex/generic/pgfplots\pgfplotsmesh
plothandler.code.tex
(C:\Users\jaest\AppData\Local\Programs\MiKTeX\tex/generic/pgfplots\pgfplotsmesh
plotimage.code.tex)))
(C:\Users\jaest\AppData\Local\Programs\MiKTeX\tex/generic/pgfplots\pgfplots.sca
ling.code.tex)
(C:\Users\jaest\AppData\Local\Programs\MiKTeX\tex/generic/pgfplots\pgfplotscoor
dprocessing.code.tex)
(C:\Users\jaest\AppData\Local\Programs\MiKTeX\tex/generic/pgfplots\pgfplots.err
orbars.code.tex)
(C:\Users\jaest\AppData\Local\Programs\MiKTeX\tex/generic/pgfplots\pgfplots.mar
kers.code.tex)
(C:\Users\jaest\AppData\Local\Programs\MiKTeX\tex/generic/pgfplots\pgfplotstick
s.code.tex)
(C:\Users\jaest\AppData\Local\Programs\MiKTeX\tex/generic/pgfplots\pgfplots.pat
hs.code.tex)
(C:\Users\jaest\AppData\Local\Programs\MiKTeX\tex/generic/pgf/frontendlayer/tik
z/libraries\tikzlibrarydecorations.code.tex
(C:\Users\jaest\AppData\Local\Programs\MiKTeX\tex/generic/pgf/modules\pgfmodule
decorations.code.tex))
(C:\Users\jaest\AppData\Local\Programs\MiKTeX\tex/generic/pgf/frontendlayer/tik
z/libraries\tikzlibrarydecorations.pathmorphing.code.tex
(C:\Users\jaest\AppData\Local\Programs\MiKTeX\tex/generic/pgf/libraries/decorat
ions\pgflibrarydecorations.pathmorphing.code.tex))
(C:\Users\jaest\AppData\Local\Programs\MiKTeX\tex/generic/pgf/frontendlayer/tik
z/libraries\tikzlibrarydecorations.pathreplacing.code.tex
(C:\Users\jaest\AppData\Local\Programs\MiKTeX\tex/generic/pgf/libraries/decorat
ions\pgflibrarydecorations.pathreplacing.code.tex))
(C:\Users\jaest\AppData\Local\Programs\MiKTeX\tex/generic/pgfplots/libs\tikzlib
rarypgfplots.contourlua.code.tex))
(C:\Users\jaest\AppData\Local\Programs\MiKTeX\tex/generic/pgf/frontendlayer/tik
z/libraries\tikzlibraryplotmarks.code.tex
(C:\Users\jaest\AppData\Local\Programs\MiKTeX\tex/generic/pgf/libraries\pgflibr
aryplotmarks.code.tex)))
(C:\Users\jaest\AppData\Local\Programs\MiKTeX\tex/generic/pgfplots/libs\tikzlib
rarypgfplots.groupplots.code.tex
(C:\Users\jaest\AppData\Local\Programs\MiKTeX\tex/generic/pgf/frontendlayer/tik
z/libraries\tikzlibrarycalc.code.tex))
(C:\Users\jaest\AppData\Local\Programs\MiKTeX\tex/latex/l3backend\l3backend-pdf
tex.def) (main.aux)
(C:\Users\jaest\AppData\Local\Programs\MiKTeX\tex/context/base/mkii\supp-pdf.mk
ii
[Loading MPS to PDF converter (version 2006.09.02).]
)
(C:\Users\jaest\AppData\Local\Programs\MiKTeX\tex/latex/epstopdf-pkg\epstopdf-b
ase.sty
(C:\Users\jaest\AppData\Local\Programs\MiKTeX\tex/latex/00miktex\epstopdf-sys.c
fg))
(C:\Users\jaest\AppData\Local\Programs\MiKTeX\tex/latex/caption\ltcaption.sty)
(main.out) (main.out)
Package pgfplots notification 'compat/show suggested version=true': document ha
s been generated with the most recent feature set (\pgfplotsset{compat=1.18}).

(portada/portadaNaranja.tex [1{C:/Users/jaest/AppData/Local/MiKTeX/fonts/map/pd
ftex/pdftex.map} <./portada/logosportada/byn.png>]) (portada/segunda.tex
[2]
pdfTeX warning (ext4): destination with the same identifier (name{page.I}) has 
been already used, duplicate ignored
<to be read again> 
                   \relax 
l.30 \end{titlepage}
                     [1]) (portada/portadaBlanca.tex
pdfTeX warning (ext4): destination with the same identifier (name{page.II}) has
 been already used, duplicate ignored
<to be read again> 
                   \relax 
l.1 \begin{titlepage}
                      [2]
pdfTeX warning (ext4): destination with the same identifier (name{page.I}) has 
been already used, duplicate ignored
<to be read again> 
                   \relax 
l.28 \end{titlepage}
                     [1 <./portada/logosportada/logoetsit.png>])
(pre/resumen.tex

Package fancyhdr Warning: \headheight is too small (12.0pt): 
(fancyhdr)                Make it at least 31.03018pt, for example:
(fancyhdr)                \setlength{\headheight}{31.03018pt}.
(fancyhdr)                You might also make \topmargin smaller:
(fancyhdr)                \addtolength{\topmargin}{-19.03018pt}.


pdfTeX warning (ext4): destination with the same identifier (name{page.II}) has
 been already used, duplicate ignored
<to be read again> 
                   \relax 
l.56 F
      irst, the design and implementation in VHDL of a highly configurable s...
[2])

Package fancyhdr Warning: \headheight is too small (12.0pt): 
(fancyhdr)                Make it at least 31.03018pt, for example:
(fancyhdr)                \setlength{\headheight}{31.03018pt}.
(fancyhdr)                You might also make \topmargin smaller:
(fancyhdr)                \addtolength{\topmargin}{-19.03018pt}.

[3] (pre/greetings.tex)

Package fancyhdr Warning: \headheight is too small (12.0pt): 
(fancyhdr)                Make it at least 31.03018pt, for example:
(fancyhdr)                \setlength{\headheight}{31.03018pt}.
(fancyhdr)                You might also make \topmargin smaller:
(fancyhdr)                \addtolength{\topmargin}{-19.03018pt}.

[4] (main.toc

LaTeX Font Warning: Font shape `OT1/cmr/bx/sc' undefined
(Font)              using `OT1/cmr/bx/n' instead on input line 2.


Package spanish Warning: Replacing `OT1/cmr/bx/sc' by 
(spanish)                faked small caps on input line 2.


Package spanish Warning: Replacing `OT1/cmr/bx/sc' by 
(spanish)                faked small caps on input line 3.


Package spanish Warning: Replacing `OT1/cmr/bx/sc' by 
(spanish)                faked small caps on input line 4.

(C:\Users\jaest\AppData\Local\Programs\MiKTeX\tex/latex/amsfonts\umsa.fd)
(C:\Users\jaest\AppData\Local\Programs\MiKTeX\tex/latex/amsfonts\umsb.fd)

Package fancyhdr Warning: \headheight is too small (12.0pt): 
(fancyhdr)                Make it at least 31.03018pt, for example:
(fancyhdr)                \setlength{\headheight}{31.03018pt}.
(fancyhdr)                You might also make \topmargin smaller:
(fancyhdr)                \addtolength{\topmargin}{-19.03018pt}.

[5]
Underfull \vbox (badness 1259) has occurred while \output is active

Package fancyhdr Warning: \headheight is too small (12.0pt): 
(fancyhdr)                Make it at least 31.03018pt, for example:
(fancyhdr)                \setlength{\headheight}{31.03018pt}.
(fancyhdr)                You might also make \topmargin smaller:
(fancyhdr)                \addtolength{\topmargin}{-19.03018pt}.

[6])

Package fancyhdr Warning: \headheight is too small (12.0pt): 
(fancyhdr)                Make it at least 31.03018pt, for example:
(fancyhdr)                \setlength{\headheight}{31.03018pt}.
(fancyhdr)                You might also make \topmargin smaller:
(fancyhdr)                \addtolength{\topmargin}{-19.03018pt}.

[7] (main.lof

Package fancyhdr Warning: \headheight is too small (12.0pt): 
(fancyhdr)                Make it at least 31.03018pt, for example:
(fancyhdr)                \setlength{\headheight}{31.03018pt}.
(fancyhdr)                You might also make \topmargin smaller:
(fancyhdr)                \addtolength{\topmargin}{-19.03018pt}.

[8]) (main.lot)

Package fancyhdr Warning: \headheight is too small (12.0pt): 
(fancyhdr)                Make it at least 31.03018pt, for example:
(fancyhdr)                \setlength{\headheight}{31.03018pt}.
(fancyhdr)                You might also make \topmargin smaller:
(fancyhdr)                \addtolength{\topmargin}{-19.03018pt}.

[9] (pre/acronimos.tex

Package fancyhdr Warning: \headheight is too small (12.0pt): 
(fancyhdr)                Make it at least 31.03018pt, for example:
(fancyhdr)                \setlength{\headheight}{31.03018pt}.
(fancyhdr)                You might also make \topmargin smaller:
(fancyhdr)                \addtolength{\topmargin}{-19.03018pt}.

[10]

Package fancyhdr Warning: \headheight is too small (12.0pt): 
(fancyhdr)                Make it at least 31.03018pt, for example:
(fancyhdr)                \setlength{\headheight}{31.03018pt}.
(fancyhdr)                You might also make \topmargin smaller:
(fancyhdr)                \addtolength{\topmargin}{-19.03018pt}.

[11]

Package fancyhdr Warning: \headheight is too small (12.0pt): 
(fancyhdr)                Make it at least 31.03018pt, for example:
(fancyhdr)                \setlength{\headheight}{31.03018pt}.
(fancyhdr)                You might also make \topmargin smaller:
(fancyhdr)                \addtolength{\topmargin}{-19.03018pt}.

[12])

Package fancyhdr Warning: \headheight is too small (12.0pt): 
(fancyhdr)                Make it at least 31.03018pt, for example:
(fancyhdr)                \setlength{\headheight}{31.03018pt}.
(fancyhdr)                You might also make \topmargin smaller:
(fancyhdr)                \addtolength{\topmargin}{-19.03018pt}.

[13]
Cap\'{\i }tulo 1.
(capitulos/cap1/intro.tex
Underfull \vbox (badness 2150) has occurred while \output is active

Package fancyhdr Warning: \headheight is too small (12.0pt): 
(fancyhdr)                Make it at least 31.03018pt, for example:
(fancyhdr)                \setlength{\headheight}{31.03018pt}.
(fancyhdr)                You might also make \topmargin smaller:
(fancyhdr)                \addtolength{\topmargin}{-19.03018pt}.

[1]

Package fancyhdr Warning: \headheight is too small (12.0pt): 
(fancyhdr)                Make it at least 31.03018pt, for example:
(fancyhdr)                \setlength{\headheight}{31.03018pt}.
(fancyhdr)                You might also make \topmargin smaller:
(fancyhdr)                \addtolength{\topmargin}{-19.03018pt}.

[2]

Package fancyhdr Warning: \headheight is too small (12.0pt): 
(fancyhdr)                Make it at least 31.03018pt, for example:
(fancyhdr)                \setlength{\headheight}{31.03018pt}.
(fancyhdr)                You might also make \topmargin smaller:
(fancyhdr)                \addtolength{\topmargin}{-19.03018pt}.

[3 <./IMG/Desarrollo/diagrama_metodologia_agil.pdf>])

Package fancyhdr Warning: \headheight is too small (12.0pt): 
(fancyhdr)                Make it at least 31.03018pt, for example:
(fancyhdr)                \setlength{\headheight}{31.03018pt}.
(fancyhdr)                You might also make \topmargin smaller:
(fancyhdr)                \addtolength{\topmargin}{-19.03018pt}.

[4]
Cap\'{\i }tulo 2.
(capitulos/cap2/contexto_proyecto.tex

Package fancyhdr Warning: \headheight is too small (12.0pt): 
(fancyhdr)                Make it at least 31.03018pt, for example:
(fancyhdr)                \setlength{\headheight}{31.03018pt}.
(fancyhdr)                You might also make \topmargin smaller:
(fancyhdr)                \addtolength{\topmargin}{-19.03018pt}.

[5]

Package fancyhdr Warning: \headheight is too small (12.0pt): 
(fancyhdr)                Make it at least 31.03018pt, for example:
(fancyhdr)                \setlength{\headheight}{31.03018pt}.
(fancyhdr)                You might also make \topmargin smaller:
(fancyhdr)                \addtolength{\topmargin}{-19.03018pt}.

[6 <./IMG/Desarrollo/diagrama_mpsoc_zynq_oficial.jpg>]

Package fancyhdr Warning: \headheight is too small (12.0pt): 
(fancyhdr)                Make it at least 31.03018pt, for example:
(fancyhdr)                \setlength{\headheight}{31.03018pt}.
(fancyhdr)                You might also make \topmargin smaller:
(fancyhdr)                \addtolength{\topmargin}{-19.03018pt}.

[7]
Underfull \vbox (badness 10000) has occurred while \output is active

Package fancyhdr Warning: \headheight is too small (12.0pt): 
(fancyhdr)                Make it at least 31.03018pt, for example:
(fancyhdr)                \setlength{\headheight}{31.03018pt}.
(fancyhdr)                You might also make \topmargin smaller:
(fancyhdr)                \addtolength{\topmargin}{-19.03018pt}.

[8]

Package fancyhdr Warning: \headheight is too small (12.0pt): 
(fancyhdr)                Make it at least 31.03018pt, for example:
(fancyhdr)                \setlength{\headheight}{31.03018pt}.
(fancyhdr)                You might also make \topmargin smaller:
(fancyhdr)                \addtolength{\topmargin}{-19.03018pt}.

[9 <./IMG/Desarrollo/diagrama_topologia_rs.pdf>])
(capitulos/cap2/transporte.tex

Package fancyhdr Warning: \headheight is too small (12.0pt): 
(fancyhdr)                Make it at least 31.03018pt, for example:
(fancyhdr)                \setlength{\headheight}{31.03018pt}.
(fancyhdr)                You might also make \topmargin smaller:
(fancyhdr)                \addtolength{\topmargin}{-19.03018pt}.

[10]

Package fancyhdr Warning: \headheight is too small (12.0pt): 
(fancyhdr)                Make it at least 31.03018pt, for example:
(fancyhdr)                \setlength{\headheight}{31.03018pt}.
(fancyhdr)                You might also make \topmargin smaller:
(fancyhdr)                \addtolength{\topmargin}{-19.03018pt}.

[11 <./IMG/Desarrollo/diagrama_axi_lite.pdf> <./IMG/Desarrollo/diagrama_axi_ful
l.pdf> <./IMG/Desarrollo/diagrama_axi_stream.pdf>]

Package fancyhdr Warning: \headheight is too small (12.0pt): 
(fancyhdr)                Make it at least 31.03018pt, for example:
(fancyhdr)                \setlength{\headheight}{31.03018pt}.
(fancyhdr)                You might also make \topmargin smaller:
(fancyhdr)                \addtolength{\topmargin}{-19.03018pt}.

[12 <./IMG/Desarrollo/diagrama_dma.pdf>]

Package fancyhdr Warning: \headheight is too small (12.0pt): 
(fancyhdr)                Make it at least 31.03018pt, for example:
(fancyhdr)                \setlength{\headheight}{31.03018pt}.
(fancyhdr)                You might also make \topmargin smaller:
(fancyhdr)                \addtolength{\topmargin}{-19.03018pt}.

[13 <./IMG/Desarrollo/diagrama_mcdma.pdf>])

Package fancyhdr Warning: \headheight is too small (12.0pt): 
(fancyhdr)                Make it at least 31.03018pt, for example:
(fancyhdr)                \setlength{\headheight}{31.03018pt}.
(fancyhdr)                You might also make \topmargin smaller:
(fancyhdr)                \addtolength{\topmargin}{-19.03018pt}.

[14]
Cap\'{\i }tulo 3.
(capitulos/cap3/entorno_desarrollo.tex

Package fancyhdr Warning: \headheight is too small (12.0pt): 
(fancyhdr)                Make it at least 31.03018pt, for example:
(fancyhdr)                \setlength{\headheight}{31.03018pt}.
(fancyhdr)                You might also make \topmargin smaller:
(fancyhdr)                \addtolength{\topmargin}{-19.03018pt}.

[15]

Package fancyhdr Warning: \headheight is too small (12.0pt): 
(fancyhdr)                Make it at least 31.03018pt, for example:
(fancyhdr)                \setlength{\headheight}{31.03018pt}.
(fancyhdr)                You might also make \topmargin smaller:
(fancyhdr)                \addtolength{\topmargin}{-19.03018pt}.

[16]

Package fancyhdr Warning: \headheight is too small (12.0pt): 
(fancyhdr)                Make it at least 31.03018pt, for example:
(fancyhdr)                \setlength{\headheight}{31.03018pt}.
(fancyhdr)                You might also make \topmargin smaller:
(fancyhdr)                \addtolength{\topmargin}{-19.03018pt}.

[17 <./IMG/Desarrollo/block_design_and.png (PNG copy)>]

Package fancyhdr Warning: \headheight is too small (12.0pt): 
(fancyhdr)                Make it at least 31.03018pt, for example:
(fancyhdr)                \setlength{\headheight}{31.03018pt}.
(fancyhdr)                You might also make \topmargin smaller:
(fancyhdr)                \addtolength{\topmargin}{-19.03018pt}.

[18]

Package fancyhdr Warning: \headheight is too small (12.0pt): 
(fancyhdr)                Make it at least 31.03018pt, for example:
(fancyhdr)                \setlength{\headheight}{31.03018pt}.
(fancyhdr)                You might also make \topmargin smaller:
(fancyhdr)                \addtolength{\topmargin}{-19.03018pt}.

[19 <./IMG/Desarrollo/vitis_boot_image.png (PNG copy)>]

Package fancyhdr Warning: \headheight is too small (12.0pt): 
(fancyhdr)                Make it at least 31.03018pt, for example:
(fancyhdr)                \setlength{\headheight}{31.03018pt}.
(fancyhdr)                You might also make \topmargin smaller:
(fancyhdr)                \addtolength{\topmargin}{-19.03018pt}.

[20]

Package fancyhdr Warning: \headheight is too small (12.0pt): 
(fancyhdr)                Make it at least 31.03018pt, for example:
(fancyhdr)                \setlength{\headheight}{31.03018pt}.
(fancyhdr)                You might also make \topmargin smaller:
(fancyhdr)                \addtolength{\topmargin}{-19.03018pt}.

[21]

Package fancyhdr Warning: \headheight is too small (12.0pt): 
(fancyhdr)                Make it at least 31.03018pt, for example:
(fancyhdr)                \setlength{\headheight}{31.03018pt}.
(fancyhdr)                You might also make \topmargin smaller:
(fancyhdr)                \addtolength{\topmargin}{-19.03018pt}.

[22]

Package fancyhdr Warning: \headheight is too small (12.0pt): 
(fancyhdr)                Make it at least 31.03018pt, for example:
(fancyhdr)                \setlength{\headheight}{31.03018pt}.
(fancyhdr)                You might also make \topmargin smaller:
(fancyhdr)                \addtolength{\topmargin}{-19.03018pt}.

[23]
Underfull \vbox (badness 1735) has occurred while \output is active

Package fancyhdr Warning: \headheight is too small (12.0pt): 
(fancyhdr)                Make it at least 31.03018pt, for example:
(fancyhdr)                \setlength{\headheight}{31.03018pt}.
(fancyhdr)                You might also make \topmargin smaller:
(fancyhdr)                \addtolength{\topmargin}{-19.03018pt}.

[24]

Package fancyhdr Warning: \headheight is too small (12.0pt): 
(fancyhdr)                Make it at least 31.03018pt, for example:
(fancyhdr)                \setlength{\headheight}{31.03018pt}.
(fancyhdr)                You might also make \topmargin smaller:
(fancyhdr)                \addtolength{\topmargin}{-19.03018pt}.

[25]
Underfull \hbox (badness 6592) in paragraph at lines 570--571
\OT1/cmtt/m/n/12 parity\OT1/cmr/m/n/12 , \OT1/cmtt/m/n/12 bit[]order\OT1/cmr/m/
n/12 ,

Underfull \vbox (badness 10000) has occurred while \output is active

Package fancyhdr Warning: \headheight is too small (12.0pt): 
(fancyhdr)                Make it at least 31.03018pt, for example:
(fancyhdr)                \setlength{\headheight}{31.03018pt}.
(fancyhdr)                You might also make \topmargin smaller:
(fancyhdr)                \addtolength{\topmargin}{-19.03018pt}.

[26]

Package fancyhdr Warning: \headheight is too small (12.0pt): 
(fancyhdr)                Make it at least 31.03018pt, for example:
(fancyhdr)                \setlength{\headheight}{31.03018pt}.
(fancyhdr)                You might also make \topmargin smaller:
(fancyhdr)                \addtolength{\topmargin}{-19.03018pt}.

[27]
Overfull \hbox (0.84685pt too wide) in paragraph at lines 638--643
[]\OT1/cmr/bx/sc/12 C^^Salcu-lo de la pa-ri-dad es-pe-ra-da. \OT1/cmr/m/n/12 La
 red de puer-tas XOR ope-ra so-bre \OT1/cmtt/m/n/12 shiftRegister[]Q\OT1/cmr/m/
n/12 ,

Package fancyhdr Warning: \headheight is too small (12.0pt): 
(fancyhdr)                Make it at least 31.03018pt, for example:
(fancyhdr)                \setlength{\headheight}{31.03018pt}.
(fancyhdr)                You might also make \topmargin smaller:
(fancyhdr)                \addtolength{\topmargin}{-19.03018pt}.

[28]

Package fancyhdr Warning: \headheight is too small (12.0pt): 
(fancyhdr)                Make it at least 31.03018pt, for example:
(fancyhdr)                \setlength{\headheight}{31.03018pt}.
(fancyhdr)                You might also make \topmargin smaller:
(fancyhdr)                \addtolength{\topmargin}{-19.03018pt}.

[29]
Underfull \hbox (badness 10000) in paragraph at lines 862--862
[]\OT1/cmr/m/n/12 Tabla 3.4: |Re-par-to de bits de los vec-to-res de in-ter-faz
 del blo-que

Underfull \vbox (badness 10000) has occurred while \output is active

Package fancyhdr Warning: \headheight is too small (12.0pt): 
(fancyhdr)                Make it at least 31.03018pt, for example:
(fancyhdr)                \setlength{\headheight}{31.03018pt}.
(fancyhdr)                You might also make \topmargin smaller:
(fancyhdr)                \addtolength{\topmargin}{-19.03018pt}.

[30]

Package fancyhdr Warning: \headheight is too small (12.0pt): 
(fancyhdr)                Make it at least 31.03018pt, for example:
(fancyhdr)                \setlength{\headheight}{31.03018pt}.
(fancyhdr)                You might also make \topmargin smaller:
(fancyhdr)                \addtolength{\topmargin}{-19.03018pt}.

[31 <./IMG/Desarrollo/diagrama_transceptor.pdf>]

Package fancyhdr Warning: \headheight is too small (12.0pt): 
(fancyhdr)                Make it at least 31.03018pt, for example:
(fancyhdr)                \setlength{\headheight}{31.03018pt}.
(fancyhdr)                You might also make \topmargin smaller:
(fancyhdr)                \addtolength{\topmargin}{-19.03018pt}.

[32]

Package fancyhdr Warning: \headheight is too small (12.0pt): 
(fancyhdr)                Make it at least 31.03018pt, for example:
(fancyhdr)                \setlength{\headheight}{31.03018pt}.
(fancyhdr)                You might also make \topmargin smaller:
(fancyhdr)                \addtolength{\topmargin}{-19.03018pt}.

[33]

Package fancyhdr Warning: \headheight is too small (12.0pt): 
(fancyhdr)                Make it at least 31.03018pt, for example:
(fancyhdr)                \setlength{\headheight}{31.03018pt}.
(fancyhdr)                You might also make \topmargin smaller:
(fancyhdr)                \addtolength{\topmargin}{-19.03018pt}.

[34]
Overfull \hbox (26.4881pt too wide) in paragraph at lines 1022--1025
[]\OT1/cmtt/m/n/12 Transceiver[]Init() \OT1/cmr/m/n/12 se lla-ma una vez por ca
-nal. Re-ci-be una es-truc-tu-ra \OT1/cmtt/m/n/12 Transceiver[]Config[]t

Package fancyhdr Warning: \headheight is too small (12.0pt): 
(fancyhdr)                Make it at least 31.03018pt, for example:
(fancyhdr)                \setlength{\headheight}{31.03018pt}.
(fancyhdr)                You might also make \topmargin smaller:
(fancyhdr)                \addtolength{\topmargin}{-19.03018pt}.

[35]
Overfull \hbox (5.5302pt too wide) in paragraph at lines 1078--1088
[]\OT1/cmr/m/n/12 Los cam-pos de con-fi-gu-ra-ci^^Son de pro-to-co-lo se es-cri
-ben una so-la vez, en \OT1/cmtt/m/n/12 Transceiver[]Init()\OT1/cmr/m/n/12 ,

Package fancyhdr Warning: \headheight is too small (12.0pt): 
(fancyhdr)                Make it at least 31.03018pt, for example:
(fancyhdr)                \setlength{\headheight}{31.03018pt}.
(fancyhdr)                You might also make \topmargin smaller:
(fancyhdr)                \addtolength{\topmargin}{-19.03018pt}.

[36]

Package fancyhdr Warning: \headheight is too small (12.0pt): 
(fancyhdr)                Make it at least 31.03018pt, for example:
(fancyhdr)                \setlength{\headheight}{31.03018pt}.
(fancyhdr)                You might also make \topmargin smaller:
(fancyhdr)                \addtolength{\topmargin}{-19.03018pt}.

[37]

Package fancyhdr Warning: \headheight is too small (12.0pt): 
(fancyhdr)                Make it at least 31.03018pt, for example:
(fancyhdr)                \setlength{\headheight}{31.03018pt}.
(fancyhdr)                You might also make \topmargin smaller:
(fancyhdr)                \addtolength{\topmargin}{-19.03018pt}.

[38]
Underfull \vbox (badness 4120) has occurred while \output is active

Package fancyhdr Warning: \headheight is too small (12.0pt): 
(fancyhdr)                Make it at least 31.03018pt, for example:
(fancyhdr)                \setlength{\headheight}{31.03018pt}.
(fancyhdr)                You might also make \topmargin smaller:
(fancyhdr)                \addtolength{\topmargin}{-19.03018pt}.

[39]

pdfTeX warning: pdflatex.exe (file ./IMG/pcbs/LINCE3_SERIAL.pdf): PDF inclusion
: found PDF version <1.7>, but at most version <1.5> allowed

Package fancyhdr Warning: \headheight is too small (12.0pt): 
(fancyhdr)                Make it at least 31.03018pt, for example:
(fancyhdr)                \setlength{\headheight}{31.03018pt}.
(fancyhdr)                You might also make \topmargin smaller:
(fancyhdr)                \addtolength{\topmargin}{-19.03018pt}.

[40]

Package fancyhdr Warning: \headheight is too small (12.0pt): 
(fancyhdr)                Make it at least 31.03018pt, for example:
(fancyhdr)                \setlength{\headheight}{31.03018pt}.
(fancyhdr)                You might also make \topmargin smaller:
(fancyhdr)                \addtolength{\topmargin}{-19.03018pt}.

[41 <./IMG/pcbs/LINCE3_SERIAL.pdf>]

Package fancyhdr Warning: \headheight is too small (12.0pt): 
(fancyhdr)                Make it at least 31.03018pt, for example:
(fancyhdr)                \setlength{\headheight}{31.03018pt}.
(fancyhdr)                You might also make \topmargin smaller:
(fancyhdr)                \addtolength{\topmargin}{-19.03018pt}.

[42 <./IMG/pcbs/serial_3d_top.png> <./IMG/pcbs/serial_3d_bot.png>]

Package fancyhdr Warning: \headheight is too small (12.0pt): 
(fancyhdr)                Make it at least 31.03018pt, for example:
(fancyhdr)                \setlength{\headheight}{31.03018pt}.
(fancyhdr)                You might also make \topmargin smaller:
(fancyhdr)                \addtolength{\topmargin}{-19.03018pt}.

[43 <./IMG/Desarrollo/diagrama_bloques_cdhs.pdf> <./IMG/pcbs/cdhs_3d_top.png> <
./IMG/pcbs/cdhs_3d_bot.png>]

pdfTeX warning: pdflatex.exe (file ./IMG/pcbs/LINCE3_CDHS.pdf): PDF inclusion: 
found PDF version <1.7>, but at most version <1.5> allowed

Package fancyhdr Warning: \headheight is too small (12.0pt): 
(fancyhdr)                Make it at least 31.03018pt, for example:
(fancyhdr)                \setlength{\headheight}{31.03018pt}.
(fancyhdr)                You might also make \topmargin smaller:
(fancyhdr)                \addtolength{\topmargin}{-19.03018pt}.

[44]

pdfTeX warning: pdflatex.exe (file ./IMG/pcbs/LINCE3_CDHS.pdf): PDF inclusion: 
found PDF version <1.7>, but at most version <1.5> allowed

Overfull \hbox (0.47197pt too wide) in paragraph at lines 1536--1543
[]\OT1/cmr/m/n/12 Para la va-li-da-ci^^Son de es-ta in-ter-faz se di-se~n^^So u
n blo-que VHDL aut^^Sono-mo, \OT1/cmtt/m/n/12 PWMx4[]auto[]test\OT1/cmr/m/n/12 
,

Package fancyhdr Warning: \headheight is too small (12.0pt): 
(fancyhdr)                Make it at least 31.03018pt, for example:
(fancyhdr)                \setlength{\headheight}{31.03018pt}.
(fancyhdr)                You might also make \topmargin smaller:
(fancyhdr)                \addtolength{\topmargin}{-19.03018pt}.

[45 <./IMG/pcbs/LINCE3_CDHS.pdf>]
Underfull \vbox (badness 10000) has occurred while \output is active

Package fancyhdr Warning: \headheight is too small (12.0pt): 
(fancyhdr)                Make it at least 31.03018pt, for example:
(fancyhdr)                \setlength{\headheight}{31.03018pt}.
(fancyhdr)                You might also make \topmargin smaller:
(fancyhdr)                \addtolength{\topmargin}{-19.03018pt}.

[46 <./IMG/pcbs/LINCE3_CDHS.pdf>]

pdfTeX warning: pdflatex.exe (file ./IMG/pcbs/LINCE3_AOCS_V2.pdf): PDF inclusio
n: found PDF version <1.7>, but at most version <1.5> allowed

Package fancyhdr Warning: \headheight is too small (12.0pt): 
(fancyhdr)                Make it at least 31.03018pt, for example:
(fancyhdr)                \setlength{\headheight}{31.03018pt}.
(fancyhdr)                You might also make \topmargin smaller:
(fancyhdr)                \addtolength{\topmargin}{-19.03018pt}.

[47]

Package fancyhdr Warning: \headheight is too small (12.0pt): 
(fancyhdr)                Make it at least 31.03018pt, for example:
(fancyhdr)                \setlength{\headheight}{31.03018pt}.
(fancyhdr)                You might also make \topmargin smaller:
(fancyhdr)                \addtolength{\topmargin}{-19.03018pt}.

[48 <./IMG/pcbs/LINCE3_AOCS_V2.pdf>]

pdfTeX warning: pdflatex.exe (file ./IMG/pcbs/LINCE3_AOCS_V2.pdf): PDF inclusio
n: found PDF version <1.7>, but at most version <1.5> allowed

Package fancyhdr Warning: \headheight is too small (12.0pt): 
(fancyhdr)                Make it at least 31.03018pt, for example:
(fancyhdr)                \setlength{\headheight}{31.03018pt}.
(fancyhdr)                You might also make \topmargin smaller:
(fancyhdr)                \addtolength{\topmargin}{-19.03018pt}.

[49 <./IMG/pcbs/aocs_3d_top.png> <./IMG/pcbs/aocs_3d_bot.png>]

Package fancyhdr Warning: \headheight is too small (12.0pt): 
(fancyhdr)                Make it at least 31.03018pt, for example:
(fancyhdr)                \setlength{\headheight}{31.03018pt}.
(fancyhdr)                You might also make \topmargin smaller:
(fancyhdr)                \addtolength{\topmargin}{-19.03018pt}.

[50 <./IMG/pcbs/LINCE3_AOCS_V2.pdf>]
Underfull \hbox (badness 1215) in paragraph at lines 1702--1708
[]\OT1/cmr/m/n/12 El ma-pa com-ple-to de se~nales en-tre la pla-ca AOCS y el co
-nec-tor FMC se en-

Package fancyhdr Warning: \headheight is too small (12.0pt): 
(fancyhdr)                Make it at least 31.03018pt, for example:
(fancyhdr)                \setlength{\headheight}{31.03018pt}.
(fancyhdr)                You might also make \topmargin smaller:
(fancyhdr)                \addtolength{\topmargin}{-19.03018pt}.

[51]

Package fancyhdr Warning: \headheight is too small (12.0pt): 
(fancyhdr)                Make it at least 31.03018pt, for example:
(fancyhdr)                \setlength{\headheight}{31.03018pt}.
(fancyhdr)                You might also make \topmargin smaller:
(fancyhdr)                \addtolength{\topmargin}{-19.03018pt}.

[52 <./IMG/cdhs_soldada.jpg>]

Package fancyhdr Warning: \headheight is too small (12.0pt): 
(fancyhdr)                Make it at least 31.03018pt, for example:
(fancyhdr)                \setlength{\headheight}{31.03018pt}.
(fancyhdr)                You might also make \topmargin smaller:
(fancyhdr)                \addtolength{\topmargin}{-19.03018pt}.

[53 <./IMG/aocs_soldada_caras.jpg> <./IMG/serial_pcb_jumpers.jpg> <./IMG/serial
_pcb_top.jpg>]

Package fancyhdr Warning: \headheight is too small (12.0pt): 
(fancyhdr)                Make it at least 31.03018pt, for example:
(fancyhdr)                \setlength{\headheight}{31.03018pt}.
(fancyhdr)                You might also make \topmargin smaller:
(fancyhdr)                \addtolength{\topmargin}{-19.03018pt}.

[54]

Package fancyhdr Warning: \headheight is too small (12.0pt): 
(fancyhdr)                Make it at least 31.03018pt, for example:
(fancyhdr)                \setlength{\headheight}{31.03018pt}.
(fancyhdr)                You might also make \topmargin smaller:
(fancyhdr)                \addtolength{\topmargin}{-19.03018pt}.

[55]) (capitulos/cap3/transporte.tex

Package fancyhdr Warning: \headheight is too small (12.0pt): 
(fancyhdr)                Make it at least 31.03018pt, for example:
(fancyhdr)                \setlength{\headheight}{31.03018pt}.
(fancyhdr)                You might also make \topmargin smaller:
(fancyhdr)                \addtolength{\topmargin}{-19.03018pt}.

[56]

Package fancyhdr Warning: \headheight is too small (12.0pt): 
(fancyhdr)                Make it at least 31.03018pt, for example:
(fancyhdr)                \setlength{\headheight}{31.03018pt}.
(fancyhdr)                You might also make \topmargin smaller:
(fancyhdr)                \addtolength{\topmargin}{-19.03018pt}.

[57 <./IMG/arnes_rs422.jpg> <./IMG/Desarrollo/diagrama_arnes_loopback.pdf>]

Package fancyhdr Warning: \headheight is too small (12.0pt): 
(fancyhdr)                Make it at least 31.03018pt, for example:
(fancyhdr)                \setlength{\headheight}{31.03018pt}.
(fancyhdr)                You might also make \topmargin smaller:
(fancyhdr)                \addtolength{\topmargin}{-19.03018pt}.

[58 <./IMG/arnes_can.png (PNG copy)>]

Package hyperref Warning: Token not allowed in a PDF string (Unicode):
(hyperref)                removing `math shift' on input line 65.


Package hyperref Warning: Token not allowed in a PDF string (Unicode):
(hyperref)                removing `\times' on input line 65.


Package hyperref Warning: Token not allowed in a PDF string (Unicode):
(hyperref)                removing `math shift' on input line 65.


Package fancyhdr Warning: \headheight is too small (12.0pt): 
(fancyhdr)                Make it at least 31.03018pt, for example:
(fancyhdr)                \setlength{\headheight}{31.03018pt}.
(fancyhdr)                You might also make \topmargin smaller:
(fancyhdr)                \addtolength{\topmargin}{-19.03018pt}.

[59]

Package fancyhdr Warning: \headheight is too small (12.0pt): 
(fancyhdr)                Make it at least 31.03018pt, for example:
(fancyhdr)                \setlength{\headheight}{31.03018pt}.
(fancyhdr)                You might also make \topmargin smaller:
(fancyhdr)                \addtolength{\topmargin}{-19.03018pt}.

[60]

LaTeX Font Warning: Font shape `OMS/cmtt/m/n' undefined
(Font)              using `OMS/cmsy/m/n' instead
(Font)              for symbol `textbraceleft' on input line 173.


Underfull \hbox (badness 1242) in paragraph at lines 201--207
\OT1/cmr/m/n/12 una op-ci^^Son por-que las l^^S^^Pneas son ocho. Se di-se~n^^So
 por tan-to un blo-que pro-pio,

Package fancyhdr Warning: \headheight is too small (12.0pt): 
(fancyhdr)                Make it at least 31.03018pt, for example:
(fancyhdr)                \setlength{\headheight}{31.03018pt}.
(fancyhdr)                You might also make \topmargin smaller:
(fancyhdr)                \addtolength{\topmargin}{-19.03018pt}.

[61]

Package fancyhdr Warning: \headheight is too small (12.0pt): 
(fancyhdr)                Make it at least 31.03018pt, for example:
(fancyhdr)                \setlength{\headheight}{31.03018pt}.
(fancyhdr)                You might also make \topmargin smaller:
(fancyhdr)                \addtolength{\topmargin}{-19.03018pt}.

[62 <./IMG/Desarrollo/diagrama_arquitectura_mcdma.pdf>]

Package fancyhdr Warning: \headheight is too small (12.0pt): 
(fancyhdr)                Make it at least 31.03018pt, for example:
(fancyhdr)                \setlength{\headheight}{31.03018pt}.
(fancyhdr)                You might also make \topmargin smaller:
(fancyhdr)                \addtolength{\topmargin}{-19.03018pt}.

[63 <./IMG/Desarrollo/diagrama_mcdma_interior.pdf>]

Package fancyhdr Warning: \headheight is too small (12.0pt): 
(fancyhdr)                Make it at least 31.03018pt, for example:
(fancyhdr)                \setlength{\headheight}{31.03018pt}.
(fancyhdr)                You might also make \topmargin smaller:
(fancyhdr)                \addtolength{\topmargin}{-19.03018pt}.

[64]

Package fancyhdr Warning: \headheight is too small (12.0pt): 
(fancyhdr)                Make it at least 31.03018pt, for example:
(fancyhdr)                \setlength{\headheight}{31.03018pt}.
(fancyhdr)                You might also make \topmargin smaller:
(fancyhdr)                \addtolength{\topmargin}{-19.03018pt}.

[65]

Package fancyhdr Warning: \headheight is too small (12.0pt): 
(fancyhdr)                Make it at least 31.03018pt, for example:
(fancyhdr)                \setlength{\headheight}{31.03018pt}.
(fancyhdr)                You might also make \topmargin smaller:
(fancyhdr)                \addtolength{\topmargin}{-19.03018pt}.

[66])

Package fancyhdr Warning: \headheight is too small (12.0pt): 
(fancyhdr)                Make it at least 31.03018pt, for example:
(fancyhdr)                \setlength{\headheight}{31.03018pt}.
(fancyhdr)                You might also make \topmargin smaller:
(fancyhdr)                \addtolength{\topmargin}{-19.03018pt}.

[67]
Cap\'{\i }tulo 4.
(capitulos/cap4/validacion_hardware.tex

Package fancyhdr Warning: \headheight is too small (12.0pt): 
(fancyhdr)                Make it at least 31.03018pt, for example:
(fancyhdr)                \setlength{\headheight}{31.03018pt}.
(fancyhdr)                You might also make \topmargin smaller:
(fancyhdr)                \addtolength{\topmargin}{-19.03018pt}.

[68 <./IMG/sistema_montado.jpg>]

Package fancyhdr Warning: \headheight is too small (12.0pt): 
(fancyhdr)                Make it at least 31.03018pt, for example:
(fancyhdr)                \setlength{\headheight}{31.03018pt}.
(fancyhdr)                You might also make \topmargin smaller:
(fancyhdr)                \addtolength{\topmargin}{-19.03018pt}.

[69]
Underfull \vbox (badness 10000) has occurred while \output is active

Package fancyhdr Warning: \headheight is too small (12.0pt): 
(fancyhdr)                Make it at least 31.03018pt, for example:
(fancyhdr)                \setlength{\headheight}{31.03018pt}.
(fancyhdr)                You might also make \topmargin smaller:
(fancyhdr)                \addtolength{\topmargin}{-19.03018pt}.

[70 <./IMG/slew/rs485_flanco_rapido.png (PNG copy)> <./IMG/slew/rs485_flanco_le
nto.png (PNG copy)> <./IMG/slew/rs485_bajada_rapida.png (PNG copy)> <./IMG/slew
/rs485_bajada_lenta.png (PNG copy)>]

Package fancyhdr Warning: \headheight is too small (12.0pt): 
(fancyhdr)                Make it at least 31.03018pt, for example:
(fancyhdr)                \setlength{\headheight}{31.03018pt}.
(fancyhdr)                You might also make \topmargin smaller:
(fancyhdr)                \addtolength{\topmargin}{-19.03018pt}.

[71 <./IMG/can_sin_term.png (PNG copy)> <./IMG/can_con_term.png (PNG copy)>]

Package fancyhdr Warning: \headheight is too small (12.0pt): 
(fancyhdr)                Make it at least 31.03018pt, for example:
(fancyhdr)                \setlength{\headheight}{31.03018pt}.
(fancyhdr)                You might also make \topmargin smaller:
(fancyhdr)                \addtolength{\topmargin}{-19.03018pt}.

[72]
Underfull \hbox (badness 1092) in paragraph at lines 223--225
[]\OT1/cmr/m/n/12 El pro-ce-di-mien-to de prue-ba (con-so-la in-ter-ac-ti-va po
r USB y ar-ne-ses de \OT1/cmr/m/it/12 loop-back

Underfull \vbox (badness 2521) has occurred while \output is active

Package fancyhdr Warning: \headheight is too small (12.0pt): 
(fancyhdr)                Make it at least 31.03018pt, for example:
(fancyhdr)                \setlength{\headheight}{31.03018pt}.
(fancyhdr)                You might also make \topmargin smaller:
(fancyhdr)                \addtolength{\topmargin}{-19.03018pt}.

[73 <./IMG/cdhs_pwm_1khz.png (PNG copy)>]

Package fancyhdr Warning: \headheight is too small (12.0pt): 
(fancyhdr)                Make it at least 31.03018pt, for example:
(fancyhdr)                \setlength{\headheight}{31.03018pt}.
(fancyhdr)                You might also make \topmargin smaller:
(fancyhdr)                \addtolength{\topmargin}{-19.03018pt}.

[74 <./IMG/aocs_soldada.jpg>]) (capitulos/cap4/benchmark.tex

Package fancyhdr Warning: \headheight is too small (12.0pt): 
(fancyhdr)                Make it at least 31.03018pt, for example:
(fancyhdr)                \setlength{\headheight}{31.03018pt}.
(fancyhdr)                You might also make \topmargin smaller:
(fancyhdr)                \addtolength{\topmargin}{-19.03018pt}.

[75 <./IMG/aocs_pwm_motor.png (PNG copy)>]

Package fancyhdr Warning: \headheight is too small (12.0pt): 
(fancyhdr)                Make it at least 31.03018pt, for example:
(fancyhdr)                \setlength{\headheight}{31.03018pt}.
(fancyhdr)                You might also make \topmargin smaller:
(fancyhdr)                \addtolength{\topmargin}{-19.03018pt}.

[76]

Package fancyhdr Warning: \headheight is too small (12.0pt): 
(fancyhdr)                Make it at least 31.03018pt, for example:
(fancyhdr)                \setlength{\headheight}{31.03018pt}.
(fancyhdr)                You might also make \topmargin smaller:
(fancyhdr)                \addtolength{\topmargin}{-19.03018pt}.

[77]

Package fancyhdr Warning: \headheight is too small (12.0pt): 
(fancyhdr)                Make it at least 31.03018pt, for example:
(fancyhdr)                \setlength{\headheight}{31.03018pt}.
(fancyhdr)                You might also make \topmargin smaller:
(fancyhdr)                \addtolength{\topmargin}{-19.03018pt}.

[78]

Package fancyhdr Warning: \headheight is too small (12.0pt): 
(fancyhdr)                Make it at least 31.03018pt, for example:
(fancyhdr)                \setlength{\headheight}{31.03018pt}.
(fancyhdr)                You might also make \topmargin smaller:
(fancyhdr)                \addtolength{\topmargin}{-19.03018pt}.

[79]
Overfull \hbox (2.28542pt too wide) in paragraph at lines 403--412
 [][] 

Package fancyhdr Warning: \headheight is too small (12.0pt): 
(fancyhdr)                Make it at least 31.03018pt, for example:
(fancyhdr)                \setlength{\headheight}{31.03018pt}.
(fancyhdr)                You might also make \topmargin smaller:
(fancyhdr)                \addtolength{\topmargin}{-19.03018pt}.

[80]) (capitulos/cap4/pcb.tex

Package fancyhdr Warning: \headheight is too small (12.0pt): 
(fancyhdr)                Make it at least 31.03018pt, for example:
(fancyhdr)                \setlength{\headheight}{31.03018pt}.
(fancyhdr)                You might also make \topmargin smaller:
(fancyhdr)                \addtolength{\topmargin}{-19.03018pt}.

[81]
Underfull \hbox (badness 10000) in paragraph at lines 75--75
[]|\OT1/cmr/m/n/12 T4 Ve-lo-ci-dad

Underfull \hbox (badness 10000) in paragraph at lines 76--76
[]|\OT1/cmr/m/n/12 T5 Li-mi-ta-dor

Underfull \vbox (badness 10000) has occurred while \output is active

Package fancyhdr Warning: \headheight is too small (12.0pt): 
(fancyhdr)                Make it at least 31.03018pt, for example:
(fancyhdr)                \setlength{\headheight}{31.03018pt}.
(fancyhdr)                You might also make \topmargin smaller:
(fancyhdr)                \addtolength{\topmargin}{-19.03018pt}.

[82]
Underfull \vbox (badness 10000) has occurred while \output is active

Package fancyhdr Warning: \headheight is too small (12.0pt): 
(fancyhdr)                Make it at least 31.03018pt, for example:
(fancyhdr)                \setlength{\headheight}{31.03018pt}.
(fancyhdr)                You might also make \topmargin smaller:
(fancyhdr)                \addtolength{\topmargin}{-19.03018pt}.

[83 <./IMG/serial_pcb_zcu102.jpg>]

Package fancyhdr Warning: \headheight is too small (12.0pt): 
(fancyhdr)                Make it at least 31.03018pt, for example:
(fancyhdr)                \setlength{\headheight}{31.03018pt}.
(fancyhdr)                You might also make \topmargin smaller:
(fancyhdr)                \addtolength{\topmargin}{-19.03018pt}.

[84]

Package fancyhdr Warning: \headheight is too small (12.0pt): 
(fancyhdr)                Make it at least 31.03018pt, for example:
(fancyhdr)                \setlength{\headheight}{31.03018pt}.
(fancyhdr)                You might also make \topmargin smaller:
(fancyhdr)                \addtolength{\topmargin}{-19.03018pt}.

[85])

Package fancyhdr Warning: \headheight is too small (12.0pt): 
(fancyhdr)                Make it at least 31.03018pt, for example:
(fancyhdr)                \setlength{\headheight}{31.03018pt}.
(fancyhdr)                You might also make \topmargin smaller:
(fancyhdr)                \addtolength{\topmargin}{-19.03018pt}.

[86]
Cap\'{\i }tulo 5.
(capitulos/cap5/conclusiones.tex

Package fancyhdr Warning: \headheight is too small (12.0pt): 
(fancyhdr)                Make it at least 31.03018pt, for example:
(fancyhdr)                \setlength{\headheight}{31.03018pt}.
(fancyhdr)                You might also make \topmargin smaller:
(fancyhdr)                \addtolength{\topmargin}{-19.03018pt}.

[87]

Package fancyhdr Warning: \headheight is too small (12.0pt): 
(fancyhdr)                Make it at least 31.03018pt, for example:
(fancyhdr)                \setlength{\headheight}{31.03018pt}.
(fancyhdr)                You might also make \topmargin smaller:
(fancyhdr)                \addtolength{\topmargin}{-19.03018pt}.

[88]) (capitulos/cap5/lineasfuturas.tex

Package fancyhdr Warning: \headheight is too small (12.0pt): 
(fancyhdr)                Make it at least 31.03018pt, for example:
(fancyhdr)                \setlength{\headheight}{31.03018pt}.
(fancyhdr)                You might also make \topmargin smaller:
(fancyhdr)                \addtolength{\topmargin}{-19.03018pt}.

[89])

Package fancyhdr Warning: \headheight is too small (12.0pt): 
(fancyhdr)                Make it at least 31.03018pt, for example:
(fancyhdr)                \setlength{\headheight}{31.03018pt}.
(fancyhdr)                You might also make \topmargin smaller:
(fancyhdr)                \addtolength{\topmargin}{-19.03018pt}.

[90] (main.bbl
Underfull \hbox (badness 1424) in paragraph at lines 4--10
[]\OT1/cmr/m/n/12 AMD/Xilinx.  \OT1/cmr/m/it/12 ZCU102 Eva-lua-tion Board User 
Gui-de\OT1/cmr/m/n/12 .  AMD/Xilinx, 2023.

Underfull \hbox (badness 6675) in paragraph at lines 4--10
[][]$\OT1/cmr/m/n/12 https : / / docs . amd . com / v / u / en-[]US / ug1182-[]
zcu102-[]eval-[]bd$[][]. Co-pia dis-po-ni-ble en

Package fancyhdr Warning: \headheight is too small (12.0pt): 
(fancyhdr)                Make it at least 31.03018pt, for example:
(fancyhdr)                \setlength{\headheight}{31.03018pt}.
(fancyhdr)                You might also make \topmargin smaller:
(fancyhdr)                \addtolength{\topmargin}{-19.03018pt}.

[91]
Underfull \hbox (badness 4713) in paragraph at lines 137--143
\OT1/cmr/m/it/12 tec-ted 3V to 5.5V RS485/RS422 Trans-cei-vers\OT1/cmr/m/n/12 .
  Ana-log De-vi-ces (Li-near
)

Package fancyhdr Warning: \headheight is too small (12.0pt): 
(fancyhdr)                Make it at least 31.03018pt, for example:
(fancyhdr)                \setlength{\headheight}{31.03018pt}.
(fancyhdr)                You might also make \topmargin smaller:
(fancyhdr)                \addtolength{\topmargin}{-19.03018pt}.

[92] (capitulos/anexos/anexoA.tex

Package fancyhdr Warning: \headheight is too small (12.0pt): 
(fancyhdr)                Make it at least 31.03018pt, for example:
(fancyhdr)                \setlength{\headheight}{31.03018pt}.
(fancyhdr)                You might also make \topmargin smaller:
(fancyhdr)                \addtolength{\topmargin}{-19.03018pt}.

[93]

Package fancyhdr Warning: \headheight is too small (12.0pt): 
(fancyhdr)                Make it at least 31.03018pt, for example:
(fancyhdr)                \setlength{\headheight}{31.03018pt}.
(fancyhdr)                You might also make \topmargin smaller:
(fancyhdr)                \addtolength{\topmargin}{-19.03018pt}.

[94]

Package fancyhdr Warning: \headheight is too small (12.0pt): 
(fancyhdr)                Make it at least 31.03018pt, for example:
(fancyhdr)                \setlength{\headheight}{31.03018pt}.
(fancyhdr)                You might also make \topmargin smaller:
(fancyhdr)                \addtolength{\topmargin}{-19.03018pt}.

[95])

Package fancyhdr Warning: \headheight is too small (12.0pt): 
(fancyhdr)                Make it at least 31.03018pt, for example:
(fancyhdr)                \setlength{\headheight}{31.03018pt}.
(fancyhdr)                You might also make \topmargin smaller:
(fancyhdr)                \addtolength{\topmargin}{-19.03018pt}.

[96] (capitulos/anexos/anexoB.tex
Underfull \vbox (badness 10000) has occurred while \output is active

Package fancyhdr Warning: \headheight is too small (12.0pt): 
(fancyhdr)                Make it at least 31.03018pt, for example:
(fancyhdr)                \setlength{\headheight}{31.03018pt}.
(fancyhdr)                You might also make \topmargin smaller:
(fancyhdr)                \addtolength{\topmargin}{-19.03018pt}.

[97])

Package fancyhdr Warning: \headheight is too small (12.0pt): 
(fancyhdr)                Make it at least 31.03018pt, for example:
(fancyhdr)                \setlength{\headheight}{31.03018pt}.
(fancyhdr)                You might also make \topmargin smaller:
(fancyhdr)                \addtolength{\topmargin}{-19.03018pt}.

[98] (capitulos/anexos/anexoC.tex
Overfull \hbox (6.60971pt too wide) in alignment at lines 15--19
 [] [] [] [] [] [] 

Overfull \hbox (6.60971pt too wide) in alignment at lines 19--23
 [] [] [] [] [] [] 

Overfull \hbox (6.60971pt too wide) in alignment at lines 23--25
 [] [] [] [] [] [] 

Overfull \hbox (6.60971pt too wide) in alignment at lines 25--29
 [] [] [] [] [] [] 

Overfull \hbox (6.60971pt too wide) in alignment at lines 29--84
 [] [] [] [] [] [] 
ignored error: Infinite glue shrinkage found in box being split

Package fancyhdr Warning: \headheight is too small (12.0pt): 
(fancyhdr)                Make it at least 31.03018pt, for example:
(fancyhdr)                \setlength{\headheight}{31.03018pt}.
(fancyhdr)                You might also make \topmargin smaller:
(fancyhdr)                \addtolength{\topmargin}{-19.03018pt}.

[99]
ignored error: Infinite glue shrinkage found in box being split

Package fancyhdr Warning: \headheight is too small (12.0pt): 
(fancyhdr)                Make it at least 31.03018pt, for example:
(fancyhdr)                \setlength{\headheight}{31.03018pt}.
(fancyhdr)                You might also make \topmargin smaller:
(fancyhdr)                \addtolength{\topmargin}{-19.03018pt}.

[100]

Package fancyhdr Warning: \headheight is too small (12.0pt): 
(fancyhdr)                Make it at least 31.03018pt, for example:
(fancyhdr)                \setlength{\headheight}{31.03018pt}.
(fancyhdr)                You might also make \topmargin smaller:
(fancyhdr)                \addtolength{\topmargin}{-19.03018pt}.

[101]
ignored error: Infinite glue shrinkage found in box being split

Package fancyhdr Warning: \headheight is too small (12.0pt): 
(fancyhdr)                Make it at least 31.03018pt, for example:
(fancyhdr)                \setlength{\headheight}{31.03018pt}.
(fancyhdr)                You might also make \topmargin smaller:
(fancyhdr)                \addtolength{\topmargin}{-19.03018pt}.

[102]
Underfull \vbox (badness 10000) has occurred while \output is active

Package fancyhdr Warning: \headheight is too small (12.0pt): 
(fancyhdr)                Make it at least 31.03018pt, for example:
(fancyhdr)                \setlength{\headheight}{31.03018pt}.
(fancyhdr)                You might also make \topmargin smaller:
(fancyhdr)                \addtolength{\topmargin}{-19.03018pt}.

[103]

Package fancyhdr Warning: \headheight is too small (12.0pt): 
(fancyhdr)                Make it at least 31.03018pt, for example:
(fancyhdr)                \setlength{\headheight}{31.03018pt}.
(fancyhdr)                You might also make \topmargin smaller:
(fancyhdr)                \addtolength{\topmargin}{-19.03018pt}.

[104]

Package fancyhdr Warning: \headheight is too small (12.0pt): 
(fancyhdr)                Make it at least 31.03018pt, for example:
(fancyhdr)                \setlength{\headheight}{31.03018pt}.
(fancyhdr)                You might also make \topmargin smaller:
(fancyhdr)                \addtolength{\topmargin}{-19.03018pt}.

[105]

Package fancyhdr Warning: \headheight is too small (12.0pt): 
(fancyhdr)                Make it at least 31.03018pt, for example:
(fancyhdr)                \setlength{\headheight}{31.03018pt}.
(fancyhdr)                You might also make \topmargin smaller:
(fancyhdr)                \addtolength{\topmargin}{-19.03018pt}.

[106]

Package fancyhdr Warning: \headheight is too small (12.0pt): 
(fancyhdr)                Make it at least 31.03018pt, for example:
(fancyhdr)                \setlength{\headheight}{31.03018pt}.
(fancyhdr)                You might also make \topmargin smaller:
(fancyhdr)                \addtolength{\topmargin}{-19.03018pt}.

[107]
Underfull \vbox (badness 10000) has occurred while \output is active

Package fancyhdr Warning: \headheight is too small (12.0pt): 
(fancyhdr)                Make it at least 31.03018pt, for example:
(fancyhdr)                \setlength{\headheight}{31.03018pt}.
(fancyhdr)                You might also make \topmargin smaller:
(fancyhdr)                \addtolength{\topmargin}{-19.03018pt}.

[108])

Package fancyhdr Warning: \headheight is too small (12.0pt): 
(fancyhdr)                Make it at least 31.03018pt, for example:
(fancyhdr)                \setlength{\headheight}{31.03018pt}.
(fancyhdr)                You might also make \topmargin smaller:
(fancyhdr)                \addtolength{\topmargin}{-19.03018pt}.

[109] (main.aux)

LaTeX Font Warning: Some font shapes were not available, defaults substituted.


LaTeX Warning: Label(s) may have changed. Rerun to get cross-references right.


Package rerunfilecheck Warning: File `main.out' has changed.
(rerunfilecheck)                Rerun to get outlines right
(rerunfilecheck)                or use package `bookmark'.

 )
(see the transcript file for additional information)
pdfTeX warning (dest): name{section*.200} has been referenced but does not exis
t, replaced by a fixed one


pdfTeX warning (dest): name{table.caption.220} has been referenced but does not
 exist, replaced by a fixed one


pdfTeX warning (dest): name{table.caption.218} has been referenced but does not
 exist, replaced by a fixed one


pdfTeX warning (dest): name{table.caption.211} has been referenced but does not
 exist, replaced by a fixed one


pdfTeX warning (dest): name{table.caption.206} has been referenced but does not
 exist, replaced by a fixed one


pdfTeX warning (dest): name{table.caption.204} has been referenced but does not
 exist, replaced by a fixed one


pdfTeX warning (dest): name{table.caption.196} has been referenced but does not
 exist, replaced by a fixed one


pdfTeX warning (dest): name{table.caption.195} has been referenced but does not
 exist, replaced by a fixed one


pdfTeX warning (dest): name{table.caption.193} has been referenced but does not
 exist, replaced by a fixed one


pdfTeX warning (dest): name{table.caption.190} has been referenced but does not
 exist, replaced by a fixed one


pdfTeX warning (dest): name{table.caption.187} has been referenced but does not
 exist, replaced by a fixed one


pdfTeX warning (dest): name{table.caption.184} has been referenced but does not
 exist, replaced by a fixed one


pdfTeX warning (dest): name{table.caption.181} has been referenced but does not
 exist, replaced by a fixed one


pdfTeX warning (dest): name{table.caption.179} has been referenced but does not
 exist, replaced by a fixed one


pdfTeX warning (dest): name{table.caption.176} has been referenced but does not
 exist, replaced by a fixed one


pdfTeX warning (dest): name{table.caption.165} has been referenced but does not
 exist, replaced by a fixed one


pdfTeX warning (dest): name{table.caption.164} has been referenced but does not
 exist, replaced by a fixed one


pdfTeX warning (dest): name{table.caption.158} has been referenced but does not
 exist, replaced by a fixed one


pdfTeX warning (dest): name{table.caption.152} has been referenced but does not
 exist, replaced by a fixed one


pdfTeX warning (dest): name{table.caption.124} has been referenced but does not
 exist, replaced by a fixed one


pdfTeX warning (dest): name{table.caption.110} has been referenced but does not
 exist, replaced by a fixed one


pdfTeX warning (dest): name{table.caption.108} has been referenced but does not
 exist, replaced by a fixed one


pdfTeX warning (dest): name{figure.caption.202} has been referenced but does no
t exist, replaced by a fixed one


pdfTeX warning (dest): name{figure.caption.197} has been referenced but does no
t exist, replaced by a fixed one


pdfTeX warning (dest): name{figure.caption.191} has been referenced but does no
t exist, replaced by a fixed one


pdfTeX warning (dest): name{figure.caption.188} has been referenced but does no
t exist, replaced by a fixed one


pdfTeX warning (dest): name{figure.caption.185} has been referenced but does no
t exist, replaced by a fixed one


pdfTeX warning (dest): name{figure.caption.182} has been referenced but does no
t exist, replaced by a fixed one


pdfTeX warning (dest): name{figure.caption.171} has been referenced but does no
t exist, replaced by a fixed one


pdfTeX warning (dest): name{figure.caption.169} has been referenced but does no
t exist, replaced by a fixed one


pdfTeX warning (dest): name{figure.caption.168} has been referenced but does no
t exist, replaced by a fixed one


pdfTeX warning (dest): name{figure.caption.166} has been referenced but does no
t exist, replaced by a fixed one


pdfTeX warning (dest): name{figure.caption.160} has been referenced but does no
t exist, replaced by a fixed one


pdfTeX warning (dest): name{figure.3.21} has been referenced but does not exist
, replaced by a fixed one


pdfTeX warning (dest): name{figure.caption.150} has been referenced but does no
t exist, replaced by a fixed one


pdfTeX warning (dest): name{figure.caption.148} has been referenced but does no
t exist, replaced by a fixed one


pdfTeX warning (dest): name{figure.caption.146} has been referenced but does no
t exist, replaced by a fixed one


pdfTeX warning (dest): name{figure.caption.140} has been referenced but does no
t exist, replaced by a fixed one


pdfTeX warning (dest): name{figure.caption.139} has been referenced but does no
t exist, replaced by a fixed one


pdfTeX warning (dest): name{figure.caption.138} has been referenced but does no
t exist, replaced by a fixed one


pdfTeX warning (dest): name{figure.caption.134} has been referenced but does no
t exist, replaced by a fixed one


pdfTeX warning (dest): name{figure.caption.130} has been referenced but does no
t exist, replaced by a fixed one


pdfTeX warning (dest): name{figure.3.12} has been referenced but does not exist
, replaced by a fixed one


pdfTeX warning (dest): name{figure.caption.125} has been referenced but does no
t exist, replaced by a fixed one


pdfTeX warning (dest): name{figure.caption.121} has been referenced but does no
t exist, replaced by a fixed one


pdfTeX warning (dest): name{figure.caption.118} has been referenced but does no
t exist, replaced by a fixed one


pdfTeX warning (dest): name{figure.caption.117} has been referenced but does no
t exist, replaced by a fixed one


pdfTeX warning (dest): name{figure.3.6} has been referenced but does not exist,
 replaced by a fixed one


pdfTeX warning (dest): name{figure.caption.111} has been referenced but does no
t exist, replaced by a fixed one


pdfTeX warning (dest): name{figure.3.4} has been referenced but does not exist,
 replaced by a fixed one


pdfTeX warning (dest): name{chapter*.210} has been referenced but does not exis
t, replaced by a fixed one


pdfTeX warning (dest): name{chapter*.209} has been referenced but does not exis
t, replaced by a fixed one


pdfTeX warning (dest): name{chapter*.208} has been referenced but does not exis
t, replaced by a fixed one

<C:/Users/jaest/AppData/Local/Programs/MiKTeX/fonts/type1/public/amsfonts/cm/cm
bx10.pfb><C:/Users/jaest/AppData/Local/Programs/MiKTeX/fonts/type1/public/amsfo
nts/cm/cmbx12.pfb><C:/Users/jaest/AppData/Local/Programs/MiKTeX/fonts/type1/pub
lic/amsfonts/cm/cmbx8.pfb><C:/Users/jaest/AppData/Local/Programs/MiKTeX/fonts/t
ype1/public/amsfonts/cm/cmbxti10.pfb><C:/Users/jaest/AppData/Local/Programs/MiK
TeX/fonts/type1/public/amsfonts/cm/cmcsc10.pfb><C:/Users/jaest/AppData/Local/Pr
ograms/MiKTeX/fonts/type1/public/amsfonts/cm/cmmi10.pfb><C:/Users/jaest/AppData
/Local/Programs/MiKTeX/fonts/type1/public/amsfonts/cm/cmmi12.pfb><C:/Users/jaes
t/AppData/Local/Programs/MiKTeX/fonts/type1/public/amsfonts/cm/cmmi8.pfb><C:/Us
ers/jaest/AppData/Local/Programs/MiKTeX/fonts/type1/public/amsfonts/cm/cmr10.pf
b><C:/Users/jaest/AppData/Local/Programs/MiKTeX/fonts/type1/public/amsfonts/cm/
cmr12.pfb><C:/Users/jaest/AppData/Local/Programs/MiKTeX/fonts/type1/public/amsf
onts/cm/cmr6.pfb><C:/Users/jaest/AppData/Local/Programs/MiKTeX/fonts/type1/publ
ic/amsfonts/cm/cmr7.pfb><C:/Users/jaest/AppData/Local/Programs/MiKTeX/fonts/typ
e1/public/amsfonts/cm/cmr8.pfb><C:/Users/jaest/AppData/Local/Programs/MiKTeX/fo
nts/type1/public/amsfonts/cm/cmsy10.pfb><C:/Users/jaest/AppData/Local/Programs/
MiKTeX/fonts/type1/public/amsfonts/cm/cmsy6.pfb><C:/Users/jaest/AppData/Local/P
rograms/MiKTeX/fonts/type1/public/amsfonts/cm/cmsy7.pfb><C:/Users/jaest/AppData
/Local/Programs/MiKTeX/fonts/type1/public/amsfonts/cm/cmsy8.pfb><C:/Users/jaest
/AppData/Local/Programs/MiKTeX/fonts/type1/public/amsfonts/cm/cmti10.pfb><C:/Us
ers/jaest/AppData/Local/Programs/MiKTeX/fonts/type1/public/amsfonts/cm/cmti12.p
fb><C:/Users/jaest/AppData/Local/Programs/MiKTeX/fonts/type1/public/amsfonts/cm
/cmtt10.pfb><C:/Users/jaest/AppData/Local/Programs/MiKTeX/fonts/type1/public/am
sfonts/cm/cmtt12.pfb><C:/Users/jaest/AppData/Local/Programs/MiKTeX/fonts/type1/
public/amsfonts/cm/cmtt8.pfb><C:/Users/jaest/AppData/Local/Programs/MiKTeX/font
s/type1/public/eurosym/feybr10.pfb><C:/Users/jaest/AppData/Local/Programs/MiKTe
X/fonts/type1/public/eurosym/feymr10.pfb><C:/Users/jaest/AppData/Local/Programs
/MiKTeX/fonts/type1/public/lm/lmmi7.pfb><C:/Users/jaest/AppData/Local/Programs/
MiKTeX/fonts/type1/public/lm/lmmi9.pfb><C:/Users/jaest/AppData/Local/Programs/M
iKTeX/fonts/type1/public/lm/lmr7.pfb><C:/Users/jaest/AppData/Local/Programs/MiK
TeX/fonts/type1/public/lm/lmss8.pfb><C:/Users/jaest/AppData/Local/Programs/MiKT
eX/fonts/type1/public/lm/lmss9.pfb><C:/Users/jaest/AppData/Local/Programs/MiKTe
X/fonts/type1/public/lm/lmssbx10.pfb><C:/Users/jaest/AppData/Local/Programs/MiK
TeX/fonts/type1/public/lm/lmsy7.pfb><C:/Users/jaest/AppData/Local/Programs/MiKT
eX/fonts/type1/public/lm/lmsy9.pfb><C:/Users/jaest/AppData/Local/Programs/MiKTe
X/fonts/type1/public/lm/lmtt8.pfb><C:/Users/jaest/AppData/Local/Programs/MiKTeX
/fonts/type1/public/lm/lmtt9.pfb>
Output written on main.pdf (126 pages, 13820594 bytes).
Transcript written on main.log.
pdflatex: major issue: So far, you have not checked for MiKTeX updates.
