\BOOKMARK [0][-]{chapter*.3}{\376\377\000R\000e\000s\000u\000m\000e\000n\000\040\000y\000\040\000P\000a\000l\000a\000b\000r\000a\000s\000\040\000C\000l\000a\000v\000e}{}% 1
\BOOKMARK [0][-]{chapter*.4}{\376\377\000A\000g\000r\000a\000d\000e\000c\000i\000m\000i\000e\000n\000t\000o\000s}{}% 2
\BOOKMARK [0][-]{chapter*.8}{\376\377\000L\000i\000s\000t\000a\000\040\000d\000e\000\040\000a\000c\000r\000\363\000n\000i\000m\000o\000s}{}% 3
\BOOKMARK [0][-]{chapter.1}{\376\377\000I\000n\000t\000r\000o\000d\000u\000c\000c\000i\000\363\000n\000\040\000y\000\040\000o\000b\000j\000e\000t\000i\000v\000o\000s}{}% 4
\BOOKMARK [1][-]{section.1.1}{\376\377\000I\000n\000t\000r\000o\000d\000u\000c\000c\000i\000\363\000n\000\040\000y\000\040\000m\000o\000t\000i\000v\000a\000c\000i\000\363\000n}{chapter.1}% 5
\BOOKMARK [1][-]{section.1.2}{\376\377\000M\000e\000t\000o\000d\000o\000l\000o\000g\000\355\000a}{chapter.1}% 6
\BOOKMARK [1][-]{section.1.3}{\376\377\000O\000b\000j\000e\000t\000i\000v\000o\000s}{chapter.1}% 7
\BOOKMARK [0][-]{chapter.2}{\376\377\000M\000a\000r\000c\000o\000\040\000t\000e\000\363\000r\000i\000c\000o}{}% 8
\BOOKMARK [1][-]{section.2.1}{\376\377\000P\000r\000o\000y\000e\000c\000t\000o\000\040\000L\000I\000N\000C\000E}{chapter.2}% 9
\BOOKMARK [1][-]{section.2.2}{\376\377\000M\000P\000S\000o\000C\000\040\000Z\000y\000n\000q\000\040\000U\000l\000t\000r\000a\000S\000c\000a\000l\000e\000+\000\040\000Z\000C\000U\0001\0000\0002}{chapter.2}% 10
\BOOKMARK [1][-]{section.2.3}{\376\377\000V\000i\000v\000a\000d\000o\000\040\000y\000\040\000V\000i\000t\000i\000s\000\040\000\050\000X\000i\000l\000i\000n\000x\000\051\000:\000\040\000P\000S\000\040\000y\000\040\000P\000L}{chapter.2}% 11
\BOOKMARK [2][-]{subsection.2.3.1}{\376\377\000V\000i\000v\000a\000d\000o\000\040\000D\000e\000s\000i\000g\000n\000\040\000S\000u\000i\000t\000e}{section.2.3}% 12
\BOOKMARK [2][-]{subsection.2.3.2}{\376\377\000V\000i\000t\000i\000s\000\040\000U\000n\000i\000f\000i\000e\000d\000\040\000S\000o\000f\000t\000w\000a\000r\000e\000\040\000P\000l\000a\000t\000f\000o\000r\000m}{section.2.3}% 13
\BOOKMARK [1][-]{section.2.4}{\376\377\000R\000T\000E\000M\000S}{chapter.2}% 14
\BOOKMARK [1][-]{section.2.5}{\376\377\000C\000o\000m\000u\000n\000i\000c\000a\000c\000i\000o\000n\000e\000s\000\040\000s\000e\000r\000i\000e}{chapter.2}% 15
\BOOKMARK [2][-]{subsection.2.5.1}{\376\377\000R\000S\0004\0008\0005}{section.2.5}% 16
\BOOKMARK [2][-]{subsection.2.5.2}{\376\377\000R\000S\0004\0002\0002}{section.2.5}% 17
\BOOKMARK [2][-]{subsection.2.5.3}{\376\377\000S\000p\000a\000c\000e\000W\000i\000r\000e}{section.2.5}% 18
\BOOKMARK [2][-]{subsection.2.5.4}{\376\377\000C\000A\000N}{section.2.5}% 19
\BOOKMARK [1][-]{section.2.6}{\376\377\000T\000r\000a\000n\000s\000p\000o\000r\000t\000e\000\040\000d\000e\000\040\000d\000a\000t\000o\000s\000\040\000e\000n\000t\000r\000e\000\040\000e\000l\000\040\000P\000S\000\040\000y\000\040\000l\000a\000\040\000P\000L}{chapter.2}% 20
\BOOKMARK [2][-]{subsection.2.6.1}{\376\377\000A\000X\000I\000:\000\040\000l\000o\000s\000\040\000t\000r\000e\000s\000\040\000p\000e\000r\000f\000i\000l\000e\000s\000\040\000d\000e\000l\000\040\000b\000u\000s}{section.2.6}% 21
\BOOKMARK [2][-]{subsection.2.6.2}{\376\377\000E\000l\000\040\000c\000o\000s\000t\000e\000\040\000o\000c\000u\000l\000t\000o\000:\000\040\000l\000a\000\040\000i\000n\000t\000e\000r\000r\000u\000p\000c\000i\000\363\000n\000\040\000p\000o\000r\000\040\000b\000y\000t\000e}{section.2.6}% 22
\BOOKMARK [2][-]{subsection.2.6.3}{\376\377\000A\000c\000c\000e\000s\000o\000\040\000d\000i\000r\000e\000c\000t\000o\000\040\000a\000\040\000m\000e\000m\000o\000r\000i\000a\000\040\000\050\000D\000M\000A\000\051}{section.2.6}% 23
\BOOKMARK [2][-]{subsection.2.6.4}{\376\377\000I\000n\000t\000e\000r\000r\000u\000p\000c\000i\000o\000n\000e\000s\000\040\000d\000e\000\040\000l\000a\000\040\000P\000L\000\040\000h\000a\000c\000i\000a\000\040\000e\000l\000\040\000P\000S}{section.2.6}% 24
\BOOKMARK [2][-]{subsection.2.6.5}{\376\377\000C\000o\000h\000e\000r\000e\000n\000c\000i\000a\000\040\000d\000e\000\040\000c\000a\000c\000h\000\351}{section.2.6}% 25
\BOOKMARK [0][-]{chapter.3}{\376\377\000D\000e\000s\000a\000r\000r\000o\000l\000l\000o}{}% 26
\BOOKMARK [1][-]{section.3.1}{\376\377\000P\000r\000e\000p\000a\000r\000a\000c\000i\000\363\000n\000\040\000d\000e\000l\000\040\000e\000n\000t\000o\000r\000n\000o\000\040\000d\000e\000\040\000d\000e\000s\000a\000r\000r\000o\000l\000l\000o}{chapter.3}% 27
\BOOKMARK [2][-]{subsection.3.1.1}{\376\377\000I\000n\000s\000t\000a\000l\000a\000c\000i\000\363\000n\000\040\000d\000e\000\040\000V\000i\000v\000a\000d\000o\000\040\000y\000\040\000V\000i\000t\000i\000s}{section.3.1}% 28
\BOOKMARK [2][-]{subsection.3.1.2}{\376\377\000I\000n\000s\000t\000a\000l\000a\000c\000i\000\363\000n\000\040\000d\000e\000\040\000R\000T\000E\000M\000S}{section.3.1}% 29
\BOOKMARK [2][-]{subsection.3.1.3}{\376\377\000F\000l\000u\000j\000o\000\040\000d\000e\000\040\000d\000e\000s\000a\000r\000r\000o\000l\000l\000o\000\040\000c\000o\000m\000p\000l\000e\000t\000o}{section.3.1}% 30
\BOOKMARK [1][-]{section.3.2}{\376\377\000D\000i\000s\000e\000\361\000o\000\040\000d\000e\000l\000\040\000t\000r\000a\000n\000s\000c\000e\000p\000t\000o\000r\000\040\000s\000e\000r\000i\000e\000\040\000c\000o\000n\000f\000i\000g\000u\000r\000a\000b\000l\000e\000\040\000\050\000P\000L\000\051}{chapter.3}% 31
\BOOKMARK [2][-]{subsection.3.2.1}{\376\377\000T\000r\000a\000n\000s\000m\000i\000s\000o\000r}{section.3.2}% 32
\BOOKMARK [2][-]{subsection.3.2.2}{\376\377\000R\000e\000c\000e\000p\000t\000o\000r}{section.3.2}% 33
\BOOKMARK [2][-]{subsection.3.2.3}{\376\377\000O\000s\000c\000i\000l\000a\000d\000o\000r\000\040\000c\000o\000n\000t\000r\000o\000l\000a\000d\000o\000\040\000n\000u\000m\000\351\000r\000i\000c\000a\000m\000e\000n\000t\000e\000\040\000\050\000N\000C\000O\000\051}{section.3.2}% 34
\BOOKMARK [2][-]{subsection.3.2.4}{\376\377\000S\000h\000i\000f\000t\000-\000r\000e\000g\000i\000s\000t\000e\000r}{section.3.2}% 35
\BOOKMARK [2][-]{subsection.3.2.5}{\376\377\000F\000I\000F\000O}{section.3.2}% 36
\BOOKMARK [2][-]{subsection.3.2.6}{\376\377\000B\000l\000o\000q\000u\000e\000\040\000Z\000y\000n\000q\000\040\000U\000l\000t\000r\000a\000S\000c\000a\000l\000e\000+\000\040\000M\000P\000S\000o\000C}{section.3.2}% 37
\BOOKMARK [1][-]{section.3.3}{\376\377\000H\000e\000r\000r\000a\000m\000i\000e\000n\000t\000a\000s\000\040\000p\000a\000r\000a\000\040\000f\000a\000c\000i\000l\000i\000t\000a\000r\000\040\000e\000l\000\040\000d\000e\000s\000a\000r\000r\000o\000l\000l\000o\000\040\000d\000e\000l\000\040\000t\000r\000a\000n\000s\000c\000e\000p\000t\000o\000r\000\040\000\050\000P\000L\000\051}{chapter.3}% 38
\BOOKMARK [2][-]{subsection.3.3.1}{\376\377\000G\000e\000n\000e\000r\000a\000c\000i\000\363\000n\000\040\000d\000e\000\040\000t\000r\000a\000n\000s\000c\000e\000i\000v\000e\000r\000s\000\040\000c\000o\000n\000\040\000T\000C\000L}{section.3.3}% 39
\BOOKMARK [2][-]{subsection.3.3.2}{\376\377\000G\000e\000n\000e\000r\000a\000c\000i\000\363\000n\000\040\000d\000e\000\040\000p\000r\000o\000y\000e\000c\000t\000o\000\040\000c\000o\000n\000\040\000T\000C\000L}{section.3.3}% 40
\BOOKMARK [1][-]{section.3.4}{\376\377\000G\000e\000n\000e\000r\000a\000c\000i\000\363\000n\000\040\000d\000e\000l\000\040\000b\000i\000n\000a\000r\000i\000o\000\040\000e\000n\000\040\000V\000i\000t\000i\000s\000\040\000\050\000P\000S\000\051}{chapter.3}% 41
\BOOKMARK [1][-]{section.3.5}{\376\377\000D\000i\000s\000e\000\361\000o\000\040\000d\000e\000l\000\040\000d\000r\000i\000v\000e\000r\000\040\000s\000e\000r\000i\000e\000\040\000e\000n\000\040\000R\000T\000E\000M\000S\000\040\000\050\000P\000S\000\051}{chapter.3}% 42
\BOOKMARK [2][-]{subsection.3.5.1}{\376\377\000M\000o\000t\000i\000v\000a\000c\000i\000\363\000n\000\040\000y\000\040\000c\000o\000n\000t\000e\000x\000t\000o}{section.3.5}% 43
\BOOKMARK [2][-]{subsection.3.5.2}{\376\377\000I\000n\000t\000e\000r\000f\000a\000z\000\040\000h\000a\000r\000d\000w\000a\000r\000e\000:\000\040\000m\000a\000p\000a\000\040\000d\000e\000\040\000r\000e\000g\000i\000s\000t\000r\000o\000s}{section.3.5}% 44
\BOOKMARK [2][-]{subsection.3.5.3}{\376\377\000A\000r\000q\000u\000i\000t\000e\000c\000t\000u\000r\000a\000\040\000s\000o\000f\000t\000w\000a\000r\000e}{section.3.5}% 45
\BOOKMARK [2][-]{subsection.3.5.4}{\376\377\000D\000e\000s\000c\000u\000b\000r\000i\000m\000i\000e\000n\000t\000o\000\040\000d\000i\000n\000\341\000m\000i\000c\000o\000\040\000d\000e\000l\000\040\000h\000a\000r\000d\000w\000a\000r\000e}{section.3.5}% 46
\BOOKMARK [2][-]{subsection.3.5.5}{\376\377\000M\000o\000d\000e\000l\000o\000\040\000d\000e\000\040\000i\000n\000t\000e\000r\000r\000u\000p\000c\000i\000o\000n\000e\000s\000:\000\040\000I\000S\000R\000\040\000m\000a\000e\000s\000t\000r\000a\000\040\000y\000\040\000t\000a\000r\000e\000a\000s\000\040\000w\000o\000r\000k\000e\000r}{section.3.5}% 47
\BOOKMARK [2][-]{subsection.3.5.6}{\376\377\000I\000n\000i\000c\000i\000a\000l\000i\000z\000a\000c\000i\000\363\000n\000\040\000y\000\040\000c\000o\000n\000f\000i\000g\000u\000r\000a\000c\000i\000\363\000n\000\040\000d\000e\000l\000\040\000h\000a\000r\000d\000w\000a\000r\000e}{section.3.5}% 48
\BOOKMARK [2][-]{subsection.3.5.7}{\376\377\000A\000P\000I\000\040\000p\000\372\000b\000l\000i\000c\000a}{section.3.5}% 49
\BOOKMARK [2][-]{subsection.3.5.8}{\376\377\000D\000e\000c\000i\000s\000i\000o\000n\000e\000s\000\040\000d\000e\000\040\000d\000i\000s\000e\000\361\000o\000\040\000d\000e\000s\000t\000a\000c\000a\000d\000a\000s}{section.3.5}% 50
\BOOKMARK [1][-]{section.3.6}{\376\377\000D\000i\000s\000e\000\361\000o\000\040\000h\000a\000r\000d\000w\000a\000r\000e}{chapter.3}% 51
\BOOKMARK [2][-]{subsection.3.6.1}{\376\377\000S\000e\000l\000e\000c\000c\000i\000\363\000n\000\040\000d\000e\000\040\000c\000o\000m\000p\000o\000n\000e\000n\000t\000e\000s\000:\000\040\000l\000a\000\040\000r\000e\000s\000t\000r\000i\000c\000c\000i\000\363\000n\000\040\000d\000e\000\040\0001\000,\0008\000\040\000V}{section.3.6}% 52
\BOOKMARK [2][-]{subsection.3.6.2}{\376\377\000R\000e\000g\000l\000a\000s\000\040\000d\000e\000\040\000d\000i\000s\000e\000\361\000o\000\040\000y\000\040\000p\000r\000o\000c\000e\000s\000o\000\040\000d\000e\000\040\000f\000a\000b\000r\000i\000c\000a\000c\000i\000\363\000n}{section.3.6}% 53
\BOOKMARK [2][-]{subsection.3.6.3}{\376\377\000D\000i\000s\000e\000\361\000o\000\040\000d\000e\000\040\000l\000a\000\040\000p\000l\000a\000c\000a\000\040\000d\000e\000\040\000c\000o\000m\000u\000n\000i\000c\000a\000c\000i\000\363\000n\000\040\000s\000e\000r\000i\000e\000\040\000\050\000d\000i\000s\000e\000\361\000o\000\040\000p\000r\000o\000p\000i\000o\000\051}{section.3.6}% 54
\BOOKMARK [2][-]{subsection.3.6.4}{\376\377\000D\000i\000s\000e\000\361\000o\000\040\000d\000e\000\040\000l\000a\000\040\000p\000l\000a\000c\000a\000\040\000C\000D\000H\000S}{section.3.6}% 55
\BOOKMARK [2][-]{subsection.3.6.5}{\376\377\000D\000i\000s\000e\000\361\000o\000\040\000d\000e\000\040\000l\000a\000\040\000p\000l\000a\000c\000a\000\040\000A\000O\000C\000S}{section.3.6}% 56
\BOOKMARK [2][-]{subsection.3.6.6}{\376\377\000F\000a\000b\000r\000i\000c\000a\000c\000i\000\363\000n}{section.3.6}% 57
\BOOKMARK [1][-]{section.3.7}{\376\377\000D\000e\000s\000a\000r\000r\000o\000l\000l\000o\000\040\000d\000e\000\040\000h\000e\000r\000r\000a\000m\000i\000e\000n\000t\000a\000s\000\040\000d\000e\000\040\000t\000e\000s\000t\000i\000n\000g}{chapter.3}% 58
\BOOKMARK [2][-]{subsection.3.7.1}{\376\377\000A\000p\000l\000i\000c\000a\000c\000i\000\363\000n\000\040\000d\000e\000\040\000t\000e\000s\000t\000i\000n\000g\000\040\000d\000e\000l\000\040\000d\000r\000i\000v\000e\000r\000\040\000s\000e\000r\000i\000e\000\040\000e\000n\000\040\000R\000T\000E\000M\000S}{section.3.7}% 59
\BOOKMARK [2][-]{subsection.3.7.2}{\376\377\000A\000p\000l\000i\000c\000a\000c\000i\000\363\000n\000\040\000d\000e\000\040\000t\000e\000s\000t\000i\000n\000g\000\040\000d\000e\000\040\000l\000a\000s\000\040\000p\000l\000a\000c\000a\000s\000\040\000C\000D\000H\000S\000\040\000y\000\040\000A\000O\000C\000S}{section.3.7}% 60
\BOOKMARK [2][-]{subsection.3.7.3}{\376\377\000V\000a\000l\000i\000d\000a\000c\000i\000\363\000n\000\040\000d\000e\000\040\000h\000a\000r\000d\000w\000a\000r\000e\000:\000\040\000a\000r\000n\000e\000s\000e\000s\000\040\000y\000\040\000e\000q\000u\000i\000p\000a\000m\000i\000e\000n\000t\000o}{section.3.7}% 61
\BOOKMARK [1][-]{section.3.8}{\376\377\000A\000r\000q\000u\000i\000t\000e\000c\000t\000u\000r\000a\000s\000\040\000d\000e\000\040\000t\000r\000a\000n\000s\000p\000o\000r\000t\000e\000\040\000P\000S\040\023\000P\000L}{chapter.3}% 62
\BOOKMARK [2][-]{subsection.3.8.1}{\376\377\000V\000a\000r\000i\000a\000n\000t\000e\000\040\000A\000\040\040\024\000\040\000A\000X\000I\000\040\000G\000P\000I\000O\000\040\000\050\000r\000e\000f\000e\000r\000e\000n\000c\000i\000a\000\051}{section.3.8}% 63
\BOOKMARK [2][-]{subsection.3.8.2}{\376\377\000V\000a\000r\000i\000a\000n\000t\000e\000\040\000B\000\040\040\024\000\040\000c\000a\000t\000o\000r\000c\000e\000\040\000A\000X\000I\000\040\000D\000M\000A\000\040\000\050\000P\000G\0000\0002\0001\000\051}{section.3.8}% 64
\BOOKMARK [2][-]{subsection.3.8.3}{\376\377\000V\000a\000r\000i\000a\000n\000t\000e\000\040\000C\000\040\040\024\000\040\000A\000X\000I\000\040\000M\000C\000D\000M\000A\000\040\000c\000o\000n\000\040\000p\000u\000e\000n\000t\000e\000\040\000V\000H\000D\000L}{section.3.8}% 65
\BOOKMARK [2][-]{subsection.3.8.4}{\376\377\000V\000e\000r\000i\000f\000i\000c\000a\000c\000i\000\363\000n\000\040\000y\000\040\000d\000e\000p\000u\000r\000a\000c\000i\000\363\000n\000\040\000i\000t\000e\000r\000a\000t\000i\000v\000a\000\040\000d\000e\000l\000\040\000d\000r\000i\000v\000e\000r}{section.3.8}% 66
\BOOKMARK [2][-]{subsection.3.8.5}{\376\377\000B\000a\000n\000c\000o\000\040\000d\000e\000\040\000p\000r\000u\000e\000b\000a\000s\000:\000\040\000l\000o\000o\000p\000b\000a\000c\000k\000\040\000e\000n\000\040\000l\000a\000\040\000P\000L}{section.3.8}% 67
\BOOKMARK [0][-]{chapter.4}{\376\377\000R\000e\000s\000u\000l\000t\000a\000d\000o\000s}{}% 68
\BOOKMARK [1][-]{section.4.1}{\376\377\000M\000o\000n\000t\000a\000j\000e\000\040\000d\000e\000l\000\040\000s\000i\000s\000t\000e\000m\000a}{chapter.4}% 69
\BOOKMARK [1][-]{section.4.2}{\376\377\000V\000a\000l\000i\000d\000a\000c\000i\000\363\000n\000\040\000d\000e\000\040\000c\000o\000m\000u\000n\000i\000c\000a\000c\000i\000o\000n\000e\000s\000\040\000s\000e\000r\000i\000e\000\040\000R\000S\0004\0002\0002\000/\000R\000S\0004\0008\0005}{chapter.4}% 70
\BOOKMARK [2][-]{subsection.4.2.1}{\376\377\000C\000D\000H\000S\000\040\040\024\000\040\0003\000\040\000t\000r\000a\000n\000s\000c\000e\000p\000t\000o\000r\000e\000s}{section.4.2}% 71
\BOOKMARK [2][-]{subsection.4.2.2}{\376\377\000A\000O\000C\000S\000\040\040\024\000\040\0005\000\040\000t\000r\000a\000n\000s\000c\000e\000p\000t\000o\000r\000e\000s}{section.4.2}% 72
\BOOKMARK [2][-]{subsection.4.2.3}{\376\377\000P\000r\000u\000e\000b\000a\000\040\000c\000o\000n\000\040\0001\0003\000\040\000t\000r\000a\000n\000s\000c\000e\000p\000t\000o\000r\000e\000s\000\040\000s\000i\000m\000u\000l\000t\000\341\000n\000e\000o\000s}{section.4.2}% 73
\BOOKMARK [1][-]{section.4.3}{\376\377\000V\000a\000l\000i\000d\000a\000c\000i\000\363\000n\000\040\000d\000e\000l\000\040\000b\000u\000s\000\040\000C\000A\000N}{chapter.4}% 74
\BOOKMARK [1][-]{section.4.4}{\376\377\000V\000a\000l\000i\000d\000a\000c\000i\000\363\000n\000\040\000d\000e\000l\000\040\000A\000D\000C\000\040\000S\000P\000I\000\040\000\050\000t\000e\000r\000m\000i\000s\000t\000o\000r\000e\000s\000\040\000C\000D\000H\000S\000\051}{chapter.4}% 75
\BOOKMARK [1][-]{section.4.5}{\376\377\000V\000a\000l\000i\000d\000a\000c\000i\000\363\000n\000\040\000P\000W\000M\000\040\000\050\000c\000a\000l\000e\000n\000t\000a\000d\000o\000r\000e\000s\000\040\000C\000D\000H\000S\000\040\000y\000\040\000p\000u\000e\000n\000t\000e\000s\000\040\000e\000n\000\040\000H\000\040\000A\000O\000C\000S\000\051}{chapter.4}% 76
\BOOKMARK [1][-]{section.4.6}{\376\377\000C\000o\000m\000p\000a\000r\000a\000t\000i\000v\000a\000\040\000d\000e\000\040\000l\000a\000s\000\040\000a\000r\000q\000u\000i\000t\000e\000c\000t\000u\000r\000a\000s\000\040\000d\000e\000\040\000t\000r\000a\000n\000s\000p\000o\000r\000t\000e\000\040\000P\000S\040\023\000P\000L}{chapter.4}% 77
\BOOKMARK [2][-]{subsection.4.6.1}{\376\377\000C\000o\000s\000t\000e\000\040\000d\000e\000\040\000h\000a\000r\000d\000w\000a\000r\000e}{section.4.6}% 78
\BOOKMARK [2][-]{subsection.4.6.2}{\376\377\000C\000o\000s\000t\000e\000\040\000d\000e\000\040\000s\000o\000f\000t\000w\000a\000r\000e}{section.4.6}% 79
\BOOKMARK [2][-]{subsection.4.6.3}{\376\377\000C\000o\000s\000t\000e\000\040\000e\000n\000\040\000i\000n\000t\000e\000r\000r\000u\000p\000c\000i\000o\000n\000e\000s}{section.4.6}% 80
\BOOKMARK [2][-]{subsection.4.6.4}{\376\377\000L\000a\000t\000e\000n\000c\000i\000a}{section.4.6}% 81
\BOOKMARK [2][-]{subsection.4.6.5}{\376\377\000T\000h\000r\000o\000u\000g\000h\000p\000u\000t}{section.4.6}% 82
\BOOKMARK [2][-]{subsection.4.6.6}{\376\377\000B\000a\000r\000r\000i\000d\000o\000\040\000d\000e\000\040\000v\000e\000l\000o\000c\000i\000d\000a\000d}{section.4.6}% 83
\BOOKMARK [2][-]{subsection.4.6.7}{\376\377\000R\000o\000b\000u\000s\000t\000e\000z}{section.4.6}% 84
\BOOKMARK [2][-]{subsection.4.6.8}{\376\377\000D\000i\000s\000c\000u\000s\000i\000\363\000n\000:\000\040\000q\000u\000\351\000\040\000a\000r\000q\000u\000i\000t\000e\000c\000t\000u\000r\000a\000\040\000y\000\040\000p\000o\000r\000\040\000q\000u\000\351}{section.4.6}% 85
\BOOKMARK [1][-]{section.4.7}{\376\377\000C\000a\000r\000a\000c\000t\000e\000r\000i\000z\000a\000c\000i\000\363\000n\000\040\000e\000l\000\351\000c\000t\000r\000i\000c\000a\000\040\000d\000e\000\040\000l\000a\000\040\000P\000C\000B\000\040\000d\000e\000\040\000c\000o\000m\000u\000n\000i\000c\000a\000c\000i\000\363\000n\000\040\000s\000e\000r\000i\000e}{chapter.4}% 86
\BOOKMARK [2][-]{subsection.4.7.1}{\376\377\000L\000o\000s\000\040\000n\000u\000e\000v\000e\000\040\000t\000e\000s\000t\000s}{section.4.7}% 87
\BOOKMARK [2][-]{subsection.4.7.2}{\376\377\000E\000l\000\040\000h\000a\000l\000l\000a\000z\000g\000o\000\040\000p\000r\000i\000n\000c\000i\000p\000a\000l\000:\000\040\000e\000l\000\040\000l\000i\000m\000i\000t\000a\000d\000o\000r\000\040\000d\000e\000\040\000s\000l\000e\000w\000\040\000e\000s\000t\000a\000b\000a\000\040\000a\000c\000t\000i\000v\000o\000\040\000p\000o\000r\000\040\000d\000e\000f\000e\000c\000t\000o}{section.4.7}% 88
\BOOKMARK [2][-]{subsection.4.7.3}{\376\377\000C\000o\000m\000p\000o\000r\000t\000a\000m\000i\000e\000n\000t\000o\000\040\000d\000e\000l\000\040\000b\000u\000s\000\040\000m\000u\000l\000t\000i\000p\000u\000n\000t\000o}{section.4.7}% 89
\BOOKMARK [2][-]{subsection.4.7.4}{\376\377\000I\000n\000t\000e\000g\000r\000i\000d\000a\000d\000,\000\040\000a\000i\000s\000l\000a\000m\000i\000e\000n\000t\000o\000\040\000y\000\040\000e\000s\000t\000a\000b\000i\000l\000i\000d\000a\000d}{section.4.7}% 90
\BOOKMARK [2][-]{subsection.4.7.5}{\376\377\000S\000a\000l\000v\000e\000d\000a\000d\000e\000s\000\040\000d\000e\000l\000\040\000m\000\351\000t\000o\000d\000o}{section.4.7}% 91
\BOOKMARK [0][-]{chapter.5}{\376\377\000C\000o\000n\000c\000l\000u\000s\000i\000o\000n\000e\000s\000\040\000y\000\040\000l\000\355\000n\000e\000a\000s\000\040\000f\000u\000t\000u\000r\000a\000s}{}% 92
\BOOKMARK [1][-]{section.5.1}{\376\377\000C\000o\000n\000c\000l\000u\000s\000i\000o\000n\000e\000s}{chapter.5}% 93
\BOOKMARK [1][-]{section.5.2}{\376\377\000L\000\355\000n\000e\000a\000s\000\040\000f\000u\000t\000u\000r\000a\000s}{chapter.5}% 94
\BOOKMARK [0][-]{chapter*.156}{\376\377\000B\000i\000b\000l\000i\000o\000g\000r\000a\000f\000\355\000a}{}% 95
\BOOKMARK [0][-]{chapter*.157}{\376\377\000A\000n\000e\000x\000o\000\040\0001\000:\000\040\000M\000a\000p\000a\000s\000\040\000d\000e\000\040\000s\000e\000\361\000a\000l\000e\000s\000\040\000y\000\040\000t\000a\000b\000l\000a\000\040\000N\000C\000O}{}% 96
\BOOKMARK [0][-]{chapter*.167}{\376\377\000A\000n\000e\000x\000o\000\040\000A\000:\000\040\000A\000s\000p\000e\000c\000t\000o\000s\000\040\000\351\000t\000i\000c\000o\000s\000,\000\040\000e\000c\000o\000n\000\363\000m\000i\000c\000o\000s\000,\000\040\000s\000o\000c\000i\000a\000l\000e\000s\000\040\000y\000\040\000a\000m\000b\000i\000e\000n\000t\000a\000l\000e\000s}{}% 97
\BOOKMARK [0][-]{chapter*.168}{\376\377\000A\000n\000e\000x\000o\000\040\000B\000:\000\040\000P\000r\000e\000s\000u\000p\000u\000e\000s\000t\000o\000\040\000e\000c\000o\000n\000\363\000m\000i\000c\000o}{}% 98
